Archive member included to satisfy reference by file (symbol)

D:/Applications/STM32CubeIDE_1.18.0/STM32CubeIDE/plugins/com.st.stm32cube.ide.mcu.externaltools.gnu-tools-for-stm32.13.3.rel1.win32_1.0.0.202411081344/tools/bin/../lib/gcc/arm-none-eabi/13.3.1/../../../../arm-none-eabi/lib/thumb/v7e-m+fp/hard\libc_nano.a(libc_a-exit.o)
                              D:/Applications/STM32CubeIDE_1.18.0/STM32CubeIDE/plugins/com.st.stm32cube.ide.mcu.externaltools.gnu-tools-for-stm32.13.3.rel1.win32_1.0.0.202411081344/tools/bin/../lib/gcc/arm-none-eabi/13.3.1/../../../../arm-none-eabi/lib/thumb/v7e-m+fp/hard/crt0.o (exit)
D:/Applications/STM32CubeIDE_1.18.0/STM32CubeIDE/plugins/com.st.stm32cube.ide.mcu.externaltools.gnu-tools-for-stm32.13.3.rel1.win32_1.0.0.202411081344/tools/bin/../lib/gcc/arm-none-eabi/13.3.1/../../../../arm-none-eabi/lib/thumb/v7e-m+fp/hard\libc_nano.a(libc_a-findfp.o)
                              D:/Applications/STM32CubeIDE_1.18.0/STM32CubeIDE/plugins/com.st.stm32cube.ide.mcu.externaltools.gnu-tools-for-stm32.13.3.rel1.win32_1.0.0.202411081344/tools/bin/../lib/gcc/arm-none-eabi/13.3.1/../../../../arm-none-eabi/lib/thumb/v7e-m+fp/hard\libc_nano.a(libc_a-exit.o) (__stdio_exit_handler)
D:/Applications/STM32CubeIDE_1.18.0/STM32CubeIDE/plugins/com.st.stm32cube.ide.mcu.externaltools.gnu-tools-for-stm32.13.3.rel1.win32_1.0.0.202411081344/tools/bin/../lib/gcc/arm-none-eabi/13.3.1/../../../../arm-none-eabi/lib/thumb/v7e-m+fp/hard\libc_nano.a(libc_a-fwalk.o)
                              D:/Applications/STM32CubeIDE_1.18.0/STM32CubeIDE/plugins/com.st.stm32cube.ide.mcu.externaltools.gnu-tools-for-stm32.13.3.rel1.win32_1.0.0.202411081344/tools/bin/../lib/gcc/arm-none-eabi/13.3.1/../../../../arm-none-eabi/lib/thumb/v7e-m+fp/hard\libc_nano.a(libc_a-findfp.o) (_fwalk_sglue)
D:/Applications/STM32CubeIDE_1.18.0/STM32CubeIDE/plugins/com.st.stm32cube.ide.mcu.externaltools.gnu-tools-for-stm32.13.3.rel1.win32_1.0.0.202411081344/tools/bin/../lib/gcc/arm-none-eabi/13.3.1/../../../../arm-none-eabi/lib/thumb/v7e-m+fp/hard\libc_nano.a(libc_a-sprintf.o)
                              ./Core/Src/main.o (sprintf)
D:/Applications/STM32CubeIDE_1.18.0/STM32CubeIDE/plugins/com.st.stm32cube.ide.mcu.externaltools.gnu-tools-for-stm32.13.3.rel1.win32_1.0.0.202411081344/tools/bin/../lib/gcc/arm-none-eabi/13.3.1/../../../../arm-none-eabi/lib/thumb/v7e-m+fp/hard\libc_nano.a(libc_a-stdio.o)
                              D:/Applications/STM32CubeIDE_1.18.0/STM32CubeIDE/plugins/com.st.stm32cube.ide.mcu.externaltools.gnu-tools-for-stm32.13.3.rel1.win32_1.0.0.202411081344/tools/bin/../lib/gcc/arm-none-eabi/13.3.1/../../../../arm-none-eabi/lib/thumb/v7e-m+fp/hard\libc_nano.a(libc_a-findfp.o) (__sread)
D:/Applications/STM32CubeIDE_1.18.0/STM32CubeIDE/plugins/com.st.stm32cube.ide.mcu.externaltools.gnu-tools-for-stm32.13.3.rel1.win32_1.0.0.202411081344/tools/bin/../lib/gcc/arm-none-eabi/13.3.1/../../../../arm-none-eabi/lib/thumb/v7e-m+fp/hard\libc_nano.a(libc_a-memset.o)
                              D:/Applications/STM32CubeIDE_1.18.0/STM32CubeIDE/plugins/com.st.stm32cube.ide.mcu.externaltools.gnu-tools-for-stm32.13.3.rel1.win32_1.0.0.202411081344/tools/bin/../lib/gcc/arm-none-eabi/13.3.1/../../../../arm-none-eabi/lib/thumb/v7e-m+fp/hard/crt0.o (memset)
D:/Applications/STM32CubeIDE_1.18.0/STM32CubeIDE/plugins/com.st.stm32cube.ide.mcu.externaltools.gnu-tools-for-stm32.13.3.rel1.win32_1.0.0.202411081344/tools/bin/../lib/gcc/arm-none-eabi/13.3.1/../../../../arm-none-eabi/lib/thumb/v7e-m+fp/hard\libc_nano.a(libc_a-closer.o)
                              D:/Applications/STM32CubeIDE_1.18.0/STM32CubeIDE/plugins/com.st.stm32cube.ide.mcu.externaltools.gnu-tools-for-stm32.13.3.rel1.win32_1.0.0.202411081344/tools/bin/../lib/gcc/arm-none-eabi/13.3.1/../../../../arm-none-eabi/lib/thumb/v7e-m+fp/hard\libc_nano.a(libc_a-stdio.o) (_close_r)
D:/Applications/STM32CubeIDE_1.18.0/STM32CubeIDE/plugins/com.st.stm32cube.ide.mcu.externaltools.gnu-tools-for-stm32.13.3.rel1.win32_1.0.0.202411081344/tools/bin/../lib/gcc/arm-none-eabi/13.3.1/../../../../arm-none-eabi/lib/thumb/v7e-m+fp/hard\libc_nano.a(libc_a-reent.o)
                              D:/Applications/STM32CubeIDE_1.18.0/STM32CubeIDE/plugins/com.st.stm32cube.ide.mcu.externaltools.gnu-tools-for-stm32.13.3.rel1.win32_1.0.0.202411081344/tools/bin/../lib/gcc/arm-none-eabi/13.3.1/../../../../arm-none-eabi/lib/thumb/v7e-m+fp/hard\libc_nano.a(libc_a-closer.o) (errno)
D:/Applications/STM32CubeIDE_1.18.0/STM32CubeIDE/plugins/com.st.stm32cube.ide.mcu.externaltools.gnu-tools-for-stm32.13.3.rel1.win32_1.0.0.202411081344/tools/bin/../lib/gcc/arm-none-eabi/13.3.1/../../../../arm-none-eabi/lib/thumb/v7e-m+fp/hard\libc_nano.a(libc_a-impure.o)
[...]
Memory Configuration

Name             Origin             Length             Attributes
CCMRAM           0x10000000         0x00010000         xrw
RAM              0x20000000         0x00030000         xrw
FLASH            0x08000000         0x00200000         xr
*default*        0x00000000         0xffffffff

Linker script and memory map

LOAD D:/Applications/STM32CubeIDE_1.18.0/STM32CubeIDE/plugins/com.st.stm32cube.ide.mcu.externaltools.gnu-tools-for-stm32.13.3.rel1.win32_1.0.0.202411081344/tools/bin/../lib/gcc/arm-none-eabi/13.3.1/thumb/v7e-m+fp/hard/crti.o
LOAD D:/Applications/STM32CubeIDE_1.18.0/STM32CubeIDE/plugins/com.st.stm32cube.ide.mcu.externaltools.gnu-tools-for-stm32.13.3.rel1.win32_1.0.0.202411081344/tools/bin/../lib/gcc/arm-none-eabi/13.3.1/thumb/v7e-m+fp/hard/crtbegin.o
LOAD D:/Applications/STM32CubeIDE_1.18.0/STM32CubeIDE/plugins/com.st.stm32cube.ide.mcu.externaltools.gnu-tools-for-stm32.13.3.rel1.win32_1.0.0.202411081344/tools/bin/../lib/gcc/arm-none-eabi/13.3.1/../../../../arm-none-eabi/lib/thumb/v7e-m+fp/hard/crt0.o
LOAD ./Core/Src/main.o
LOAD ./Core/Src/stm32f4xx_hal_msp.o
LOAD ./Core/Src/stm32f4xx_hal_timebase_tim.o
LOAD ./Core/Src/stm32f4xx_it.o
LOAD ./Core/Src/syscalls.o
LOAD ./Core/Src/sysmem.o
LOAD ./Core/Src/system_stm32f4xx.o
LOAD ./Core/Startup/startup_stm32f429zitx.o
LOAD ./Drivers/BSP/stm32f429i_discovery.o
LOAD ./Drivers/BSP/stm32f429i_discovery_eeprom.o
LOAD ./Drivers/BSP/stm32f429i_discovery_io.o
LOAD ./Drivers/BSP/stm32f429i_discovery_lcd.o
LOAD ./Drivers/BSP/stm32f429i_discovery_sdram.o
LOAD ./Drivers/BSP/stm32f429i_discovery_ts.o
LOAD ./Drivers/Components/ili9341/ili9341.o
LOAD ./Drivers/Components/stmpe811/stmpe811.o
LOAD ./Drivers/STM32F4xx_HAL_Driver/Src/stm32f4xx_hal.o
LOAD ./Drivers/STM32F4xx_HAL_Driver/Src/stm32f4xx_hal_cortex.o
LOAD ./Drivers/STM32F4xx_HAL_Driver/Src/stm32f4xx_hal_dma.o
LOAD ./Drivers/STM32F4xx_HAL_Driver/Src/stm32f4xx_hal_dma2d.o
LOAD ./Drivers/STM32F4xx_HAL_Driver/Src/stm32f4xx_hal_dma_ex.o
LOAD ./Drivers/STM32F4xx_HAL_Driver/Src/stm32f4xx_hal_dsi.o
LOAD ./Drivers/STM32F4xx_HAL_Driver/Src/stm32f4xx_hal_exti.o
LOAD ./Drivers/STM32F4xx_HAL_Driver/Src/stm32f4xx_hal_flash.o
LOAD ./Drivers/STM32F4xx_HAL_Driver/Src/stm32f4xx_hal_flash_ex.o
LOAD ./Drivers/STM32F4xx_HAL_Driver/Src/stm32f4xx_hal_flash_ramfunc.o
LOAD ./Drivers/STM32F4xx_HAL_Driver/Src/stm32f4xx_hal_gpio.o
LOAD ./Drivers/STM32F4xx_HAL_Driver/Src/stm32f4xx_hal_i2c.o
LOAD ./Drivers/STM32F4xx_HAL_Driver/Src/stm32f4xx_hal_i2c_ex.o
LOAD ./Drivers/STM32F4xx_HAL_Driver/Src/stm32f4xx_hal_ltdc.o
LOAD ./Drivers/STM32F4xx_HAL_Driver/Src/stm32f4xx_hal_ltdc_ex.o
LOAD ./Drivers/STM32F4xx_HAL_Driver/Src/stm32f4xx_hal_nand.o
LOAD ./Drivers/STM32F4xx_HAL_Driver/Src/stm32f4xx_hal_nor.o
LOAD ./Drivers/STM32F4xx_HAL_Driver/Src/stm32f4xx_hal_pccard.o
LOAD ./Drivers/STM32F4xx_HAL_Driver/Src/stm32f4xx_hal_pcd.o
LOAD ./Drivers/STM32F4xx_HAL_Driver/Src/stm32f4xx_hal_pcd_ex.o
LOAD ./Drivers/STM32F4xx_HAL_Driver/Src/stm32f4xx_hal_pwr.o
LOAD ./Drivers/STM32F4xx_HAL_Driver/Src/stm32f4xx_hal_pwr_ex.o
LOAD ./Drivers/STM32F4xx_HAL_Driver/Src/stm32f4xx_hal_rcc.o
LOAD ./Drivers/STM32F4xx_HAL_Driver/Src/stm32f4xx_hal_rcc_ex.o
LOAD ./Drivers/STM32F4xx_HAL_Driver/Src/stm32f4xx_hal_sdram.o
LOAD ./Drivers/STM32F4xx_HAL_Driver/Src/stm32f4xx_hal_spi.o
LOAD ./Drivers/STM32F4xx_HAL_Driver/Src/stm32f4xx_hal_sram.o
LOAD ./Drivers/STM32F4xx_HAL_Driver/Src/stm32f4xx_hal_tim.o
LOAD ./Drivers/STM32F4xx_HAL_Driver/Src/stm32f4xx_hal_tim_ex.o
LOAD ./Drivers/STM32F4xx_HAL_Driver/Src/stm32f4xx_hal_uart.o
LOAD ./Drivers/STM32F4xx_HAL_Driver/Src/stm32f4xx_ll_fmc.o
LOAD ./Drivers/STM32F4xx_HAL_Driver/Src/stm32f4xx_ll_usb.o
LOAD ./Middlewares/ST/STM32_USB_Device_Library/Class/HID/Src/usbd_hid.o
LOAD ./Middlewares/ST/STM32_USB_Device_Library/Core/Src/usbd_core.o
LOAD ./Middlewares/ST/STM32_USB_Device_Library/Core/Src/usbd_ctlreq.o
LOAD ./Middlewares/ST/STM32_USB_Device_Library/Core/Src/usbd_ioreq.o
LOAD ./USB_DEVICE/App/usb_device.o
LOAD ./USB_DEVICE/App/usbd_desc.o
LOAD ./USB_DEVICE/Target/usbd_conf.o
START GROUP
LOAD D:/Applications/STM32CubeIDE_1.18.0/STM32CubeIDE/plugins/com.st.stm32cube.ide.mcu.externaltools.gnu-tools-for-stm32.13.3.rel1.win32_1.0.0.202411081344/tools/bin/../lib/gcc/arm-none-eabi/13.3.1/../../../../arm-none-eabi/lib/thumb/v7e-m+fp/hard\libc_nano.a
LOAD D:/Applications/STM32CubeIDE_1.18.0/STM32CubeIDE/plugins/com.st.stm32cube.ide.mcu.externaltools.gnu-tools-for-stm32.13.3.rel1.win32_1.0.0.202411081344/tools/bin/../lib/gcc/arm-none-eabi/13.3.1/../../../../arm-none-eabi/lib/thumb/v7e-m+fp/hard\libm.a
END GROUP
START GROUP
LOAD D:/Applications/STM32CubeIDE_1.18.0/STM32CubeIDE/plugins/com.st.stm32cube.ide.mcu.externaltools.gnu-tools-for-stm32.13.3.rel1.win32_1.0.0.202411081344/tools/bin/../lib/gcc/arm-none-eabi/13.3.1/thumb/v7e-m+fp/hard\libgcc.a
LOAD D:/Applications/STM32CubeIDE_1.18.0/STM32CubeIDE/plugins/com.st.stm32cube.ide.mcu.externaltools.gnu-tools-for-stm32.13.3.rel1.win32_1.0.0.202411081344/tools/bin/../lib/gcc/arm-none-eabi/13.3.1/../../../../arm-none-eabi/lib/thumb/v7e-m+fp/hard\libc_nano.a
END GROUP
START GROUP
LOAD D:/Applications/STM32CubeIDE_1.18.0/STM32CubeIDE/plugins/com.st.stm32cube.ide.mcu.externaltools.gnu-tools-for-stm32.13.3.rel1.win32_1.0.0.202411081344/tools/bin/../lib/gcc/arm-none-eabi/13.3.1/thumb/v7e-m+fp/hard\libgcc.a
LOAD D:/Applications/STM32CubeIDE_1.18.0/STM32CubeIDE/plugins/com.st.stm32cube.ide.mcu.externaltools.gnu-tools-for-stm32.13.3.rel1.win32_1.0.0.202411081344/tools/bin/../lib/gcc/arm-none-eabi/13.3.1/../../../../arm-none-eabi/lib/thumb/v7e-m+fp/hard\libc_nano.a
LOAD D:/Applications/STM32CubeIDE_1.18.0/STM32CubeIDE/plugins/com.st.stm32cube.ide.mcu.externaltools.gnu-tools-for-stm32.13.3.rel1.win32_1.0.0.202411081344/tools/bin/../lib/gcc/arm-none-eabi/13.3.1/../../../../arm-none-eabi/lib/thumb/v7e-m+fp/hard\libnosys.a
END GROUP
START GROUP
LOAD D:/Applications/STM32CubeIDE_1.18.0/STM32CubeIDE/plugins/com.st.stm32cube.ide.mcu.externaltools.gnu-tools-for-stm32.13.3.rel1.win32_1.0.0.202411081344/tools/bin/../lib/gcc/arm-none-eabi/13.3.1/thumb/v7e-m+fp/hard\libgcc.a
LOAD D:/Applications/STM32CubeIDE_1.18.0/STM32CubeIDE/plugins/com.st.stm32cube.ide.mcu.externaltools.gnu-tools-for-stm32.13.3.rel1.win32_1.0.0.202411081344/tools/bin/../lib/gcc/arm-none-eabi/13.3.1/../../../../arm-none-eabi/lib/thumb/v7e-m+fp/hard\libc_nano.a
LOAD D:/Applications/STM32CubeIDE_1.18.0/STM32CubeIDE/plugins/com.st.stm32cube.ide.mcu.externaltools.gnu-tools-for-stm32.13.3.rel1.win32_1.0.0.202411081344/tools/bin/../lib/gcc/arm-none-eabi/13.3.1/../../../../arm-none-eabi/lib/thumb/v7e-m+fp/hard\libnosys.a
END GROUP
LOAD D:/Applications/STM32CubeIDE_1.18.0/STM32CubeIDE/plugins/com.st.stm32cube.ide.mcu.externaltools.gnu-tools-for-stm32.13.3.rel1.win32_1.0.0.202411081344/tools/bin/../lib/gcc/arm-none-eabi/13.3.1/thumb/v7e-m+fp/hard/crtend.o
LOAD D:/Applications/STM32CubeIDE_1.18.0/STM32CubeIDE/plugins/com.st.stm32cube.ide.mcu.externaltools.gnu-tools-for-stm32.13.3.rel1.win32_1.0.0.202411081344/tools/bin/../lib/gcc/arm-none-eabi/13.3.1/thumb/v7e-m+fp/hard/crtn.o
                0x20030000                        _estack = (ORIGIN (RAM) + LENGTH (RAM))
                0x00000200                        _Min_Heap_Size = 0x200
                0x00000400                        _Min_Stack_Size = 0x400

.isr_vector     0x08000000      0x1ac
                0x08000000                        . = ALIGN (0x4)
 *(.isr_vector)
 .isr_vector    0x08000000      0x1ac ./Core/Startup/startup_stm32f429zitx.o
                0x08000000                g_pfnVectors
                0x080001ac                        . = ALIGN (0x4)

.text           0x080001b0     0xe7f4
                0x080001b0                        . = ALIGN (0x4)
 *(.text)
 .text          0x080001b0       0x40 D:/Applications/STM32CubeIDE_1.18.0/STM32CubeIDE/plugins/com.st.stm32cube.ide.mcu.externaltools.gnu-tools-for-stm32.13.3.rel1.win32_1.0.0.202411081344/tools/bin/../lib/gcc/arm-none-eabi/13.3.1/thumb/v7e-m+fp/hard/crtbegin.o
 .text          0x080001f0       0x10 D:/Applications/STM32CubeIDE_1.18.0/STM32CubeIDE/plugins/com.st.stm32cube.ide.mcu.externaltools.gnu-tools-for-stm32.13.3.rel1.win32_1.0.0.202411081344/tools/bin/../lib/gcc/arm-none-eabi/13.3.1/../../../../arm-none-eabi/lib/thumb/v7e-m+fp/hard\libc_nano.a(libc_a-strlen.o)
                0x080001f0                strlen
 .text          0x08000200       0xa0 D:/Applications/STM32CubeIDE_1.18.0/STM32CubeIDE/plugins/com.st.stm32cube.ide.mcu.externaltools.gnu-tools-for-stm32.13.3.rel1.win32_1.0.0.202411081344/tools/bin/../lib/gcc/arm-none-eabi/13.3.1/../../../../arm-none-eabi/lib/thumb/v7e-m+fp/hard\libc_nano.a(libc_a-memchr.o)
                0x08000200                memchr
 .text          0x080002a0       0x30 D:/Applications/STM32CubeIDE_1.18.0/STM32CubeIDE/plugins/com.st.stm32cube.ide.mcu.externaltools.gnu-tools-for-stm32.13.3.rel1.win32_1.0.0.202411081344/tools/bin/../lib/gcc/arm-none-eabi/13.3.1/thumb/v7e-m+fp/hard\libgcc.a(_aeabi_uldivmod.o)
                0x080002a0                __aeabi_uldivmod
 .text          0x080002d0      0x2f8 D:/Applications/STM32CubeIDE_1.18.0/STM32CubeIDE/plugins/com.st.stm32cube.ide.mcu.externaltools.gnu-tools-for-stm32.13.3.rel1.win32_1.0.0.202411081344/tools/bin/../lib/gcc/arm-none-eabi/13.3.1/thumb/v7e-m+fp/hard\libgcc.a(_udivmoddi4.o)
                0x080002d0                __udivmoddi4
 .text          0x080005c8        0x4 D:/Applications/STM32CubeIDE_1.18.0/STM32CubeIDE/plugins/com.st.stm32cube.ide.mcu.externaltools.gnu-tools-for-stm32.13.3.rel1.win32_1.0.0.202411081344/tools/bin/../lib/gcc/arm-none-eabi/13.3.1/thumb/v7e-m+fp/hard\libgcc.a(_dvmd_tls.o)
                0x080005c8                __aeabi_idiv0
                0x080005c8                __aeabi_ldiv0
 *(.text*)
 .text.main     0x080005cc      0x250 ./Core/Src/main.o
                0x080005cc                main
 .text.SystemClock_Config
                0x0800081c       0xd4 ./Core/Src/main.o
                0x0800081c                SystemClock_Config
 .text.MX_DMA2D_Init
                0x080008f0       0x64 ./Core/Src/main.o
 .text.MX_I2C3_Init
                0x08000954       0x80 ./Core/Src/main.o
 .text.MX_LTDC_Init
                0x080009d4      0x100 ./Core/Src/main.o
 .text.MX_SPI5_Init
                0x08000ad4       0x6c ./Core/Src/main.o
 .text.MX_TIM1_Init
                0x08000b40       0xa0 ./Core/Src/main.o
 .text.MX_USART1_UART_Init
                0x08000be0       0x54 ./Core/Src/main.o
 .text.MX_FMC_Init
                0x08000c34       0xa0 ./Core/Src/main.o
 .text.MX_GPIO_Init
                0x08000cd4      0x220 ./Core/Src/main.o
 .text.HAL_TIM_PeriodElapsedCallback
                0x08000ef4       0x24 ./Core/Src/main.o
                0x08000ef4                HAL_TIM_PeriodElapsedCallback
 .text.Error_Handler
                0x08000f18        0xc ./Core/Src/main.o
                0x08000f18                Error_Handler
 .text.HAL_MspInit
                0x08000f24       0x50 ./Core/Src/stm32f4xx_hal_msp.o
                0x08000f24                HAL_MspInit
 .text.HAL_DMA2D_MspInit
                0x08000f74       0x50 ./Core/Src/stm32f4xx_hal_msp.o
                0x08000f74                HAL_DMA2D_MspInit
 .text.HAL_I2C_MspInit
                0x08000fc4       0xd4 ./Core/Src/stm32f4xx_hal_msp.o
                0x08000fc4                HAL_I2C_MspInit
 .text.HAL_I2C_MspDeInit
                0x08001098       0x4c ./Core/Src/stm32f4xx_hal_msp.o
                0x08001098                HAL_I2C_MspDeInit
 .text.HAL_LTDC_MspInit
                0x080010e4      0x260 ./Core/Src/stm32f4xx_hal_msp.o
                0x080010e4                HAL_LTDC_MspInit
 .text.HAL_SPI_MspInit
                0x08001344       0x90 ./Core/Src/stm32f4xx_hal_msp.o
                0x08001344                HAL_SPI_MspInit
 .text.HAL_SPI_MspDeInit
                0x080013d4       0x3c ./Core/Src/stm32f4xx_hal_msp.o
                0x080013d4                HAL_SPI_MspDeInit
 .text.HAL_TIM_Base_MspInit
                0x08001410       0x44 ./Core/Src/stm32f4xx_hal_msp.o
                0x08001410                HAL_TIM_Base_MspInit
 .text.HAL_UART_MspInit
                0x08001454       0x90 ./Core/Src/stm32f4xx_hal_msp.o
                0x08001454                HAL_UART_MspInit
 .text.HAL_FMC_MspInit
                0x080014e4      0x124 ./Core/Src/stm32f4xx_hal_msp.o
 .text.HAL_SDRAM_MspInit
                0x08001608       0x14 ./Core/Src/stm32f4xx_hal_msp.o
                0x08001608                HAL_SDRAM_MspInit
 .text.HAL_InitTick
                0x0800161c       0xf8 ./Core/Src/stm32f4xx_hal_timebase_tim.o
                0x0800161c                HAL_InitTick
 .text.NMI_Handler
                0x08001714        0x8 ./Core/Src/stm32f4xx_it.o
                0x08001714                NMI_Handler
 .text.HardFault_Handler
                0x0800171c        0x8 ./Core/Src/stm32f4xx_it.o
                0x0800171c                HardFault_Handler
 .text.MemManage_Handler
                0x08001724        0x8 ./Core/Src/stm32f4xx_it.o
                0x08001724                MemManage_Handler
 .text.BusFault_Handler
                0x0800172c        0x8 ./Core/Src/stm32f4xx_it.o
                0x0800172c                BusFault_Handler
 .text.UsageFault_Handler
                0x08001734        0x8 ./Core/Src/stm32f4xx_it.o
                0x08001734                UsageFault_Handler
 .text.SVC_Handler
                0x0800173c        0xe ./Core/Src/stm32f4xx_it.o
                0x0800173c                SVC_Handler
 .text.DebugMon_Handler
                0x0800174a        0xe ./Core/Src/stm32f4xx_it.o
                0x0800174a                DebugMon_Handler
 .text.PendSV_Handler
                0x08001758        0xe ./Core/Src/stm32f4xx_it.o
                0x08001758                PendSV_Handler
 .text.SysTick_Handler
                0x08001766        0xe ./Core/Src/stm32f4xx_it.o
                0x08001766                SysTick_Handler
 .text.TIM6_DAC_IRQHandler
                0x08001774       0x14 ./Core/Src/stm32f4xx_it.o
                0x08001774                TIM6_DAC_IRQHandler
 .text.OTG_HS_IRQHandler
                0x08001788       0x14 ./Core/Src/stm32f4xx_it.o
                0x08001788                OTG_HS_IRQHandler
 .text.LTDC_IRQHandler
                0x0800179c       0x14 ./Core/Src/stm32f4xx_it.o
                0x0800179c                LTDC_IRQHandler
 .text.DMA2D_IRQHandler
                0x080017b0       0x14 ./Core/Src/stm32f4xx_it.o
                0x080017b0                DMA2D_IRQHandler
 .text._sbrk    0x080017c4       0x6c ./Core/Src/sysmem.o
                0x080017c4                _sbrk
 .text.SystemInit
                0x08001830       0x24 ./Core/Src/system_stm32f4xx.o
                0x08001830                SystemInit
 .text.Reset_Handler
                0x08001854       0x50 ./Core/Startup/startup_stm32f429zitx.o
                0x08001854                Reset_Handler
 .text.Default_Handler
                0x080018a4        0x2 ./Core/Startup/startup_stm32f429zitx.o
                0x080018a4                RTC_Alarm_IRQHandler
                0x080018a4                HASH_RNG_IRQHandler
                0x080018a4                EXTI2_IRQHandler
                0x080018a4                TIM8_CC_IRQHandler
                0x080018a4                UART8_IRQHandler
                0x080018a4                SPI4_IRQHandler
                0x080018a4                TIM1_CC_IRQHandler
                0x080018a4                DMA2_Stream5_IRQHandler
                0x080018a4                DMA1_Stream5_IRQHandler
                0x080018a4                PVD_IRQHandler
                0x080018a4                SDIO_IRQHandler
                0x080018a4                TAMP_STAMP_IRQHandler
                0x080018a4                CAN2_RX1_IRQHandler
                0x080018a4                EXTI3_IRQHandler
                0x080018a4                TIM8_TRG_COM_TIM14_IRQHandler
                0x080018a4                TIM1_UP_TIM10_IRQHandler
                0x080018a4                TIM8_UP_TIM13_IRQHandler
                0x080018a4                I2C3_ER_IRQHandler
                0x080018a4                EXTI0_IRQHandler
                0x080018a4                I2C2_EV_IRQHandler
                0x080018a4                DMA1_Stream2_IRQHandler
                0x080018a4                CAN1_RX0_IRQHandler
                0x080018a4                FPU_IRQHandler
                0x080018a4                OTG_HS_WKUP_IRQHandler
                0x080018a4                LTDC_ER_IRQHandler
                0x080018a4                CAN2_SCE_IRQHandler
                0x080018a4                DMA2_Stream2_IRQHandler
                0x080018a4                SPI1_IRQHandler
                0x080018a4                TIM1_BRK_TIM9_IRQHandler
                0x080018a4                DCMI_IRQHandler
                0x080018a4                CAN2_RX0_IRQHandler
                0x080018a4                DMA2_Stream3_IRQHandler
                0x080018a4                USART6_IRQHandler
                0x080018a4                USART3_IRQHandler
                0x080018a4                CAN1_RX1_IRQHandler
                0x080018a4                UART5_IRQHandler
                0x080018a4                DMA2_Stream0_IRQHandler
                0x080018a4                TIM4_IRQHandler
                0x080018a4                I2C1_EV_IRQHandler
                0x080018a4                DMA1_Stream6_IRQHandler
                0x080018a4                DMA1_Stream1_IRQHandler
                0x080018a4                UART4_IRQHandler
                0x080018a4                TIM3_IRQHandler
                0x080018a4                RCC_IRQHandler
                0x080018a4                TIM8_BRK_TIM12_IRQHandler
                0x080018a4                Default_Handler
                0x080018a4                EXTI15_10_IRQHandler
                0x080018a4                ADC_IRQHandler
                0x080018a4                DMA1_Stream7_IRQHandler
                0x080018a4                SPI5_IRQHandler
                0x080018a4                TIM7_IRQHandler
                0x080018a4                CAN2_TX_IRQHandler
                0x080018a4                TIM5_IRQHandler
                0x080018a4                DMA2_Stream7_IRQHandler
                0x080018a4                I2C3_EV_IRQHandler
                0x080018a4                EXTI9_5_IRQHandler
                0x080018a4                RTC_WKUP_IRQHandler
                0x080018a4                ETH_WKUP_IRQHandler
                0x080018a4                SPI2_IRQHandler
                0x080018a4                OTG_HS_EP1_IN_IRQHandler
                0x080018a4                DMA1_Stream0_IRQHandler
                0x080018a4                CAN1_TX_IRQHandler
                0x080018a4                EXTI4_IRQHandler
                0x080018a4                ETH_IRQHandler
                0x080018a4                OTG_HS_EP1_OUT_IRQHandler
                0x080018a4                WWDG_IRQHandler
                0x080018a4                SPI6_IRQHandler
                0x080018a4                TIM2_IRQHandler
                0x080018a4                OTG_FS_WKUP_IRQHandler
                0x080018a4                TIM1_TRG_COM_TIM11_IRQHandler
                0x080018a4                EXTI1_IRQHandler
                0x080018a4                UART7_IRQHandler
                0x080018a4                USART2_IRQHandler
                0x080018a4                I2C2_ER_IRQHandler
                0x080018a4                DMA2_Stream1_IRQHandler
                0x080018a4                CAN1_SCE_IRQHandler
                0x080018a4                FLASH_IRQHandler
                0x080018a4                DMA2_Stream4_IRQHandler
                0x080018a4                USART1_IRQHandler
                0x080018a4                OTG_FS_IRQHandler
                0x080018a4                SPI3_IRQHandler
                0x080018a4                DMA1_Stream4_IRQHandler
                0x080018a4                I2C1_ER_IRQHandler
                0x080018a4                FMC_IRQHandler
                0x080018a4                DMA2_Stream6_IRQHandler
                0x080018a4                SAI1_IRQHandler
                0x080018a4                DMA1_Stream3_IRQHandler
 *fill*         0x080018a6        0x2 
 .text.I2Cx_MspInit
                0x080018a8       0xec ./Drivers/BSP/stm32f429i_discovery.o
 .text.I2Cx_Init
                0x08001994       0x64 ./Drivers/BSP/stm32f429i_discovery.o
 .text.I2Cx_ITConfig
                0x080019f8       0x60 ./Drivers/BSP/stm32f429i_discovery.o
 .text.I2Cx_WriteData
                0x08001a58       0x54 ./Drivers/BSP/stm32f429i_discovery.o
 .text.I2Cx_ReadData
                0x08001aac       0x58 ./Drivers/BSP/stm32f429i_discovery.o
 .text.I2Cx_ReadBuffer
                0x08001b04       0x5c ./Drivers/BSP/stm32f429i_discovery.o
 .text.I2Cx_Error
                0x08001b60       0x18 ./Drivers/BSP/stm32f429i_discovery.o
 .text.SPIx_Init
                0x08001b78       0x74 ./Drivers/BSP/stm32f429i_discovery.o
 .text.SPIx_Read
                0x08001bec       0x40 ./Drivers/BSP/stm32f429i_discovery.o
 .text.SPIx_Write
                0x08001c2c       0x3c ./Drivers/BSP/stm32f429i_discovery.o
 .text.SPIx_Error
                0x08001c68       0x18 ./Drivers/BSP/stm32f429i_discovery.o
 .text.SPIx_MspInit
                0x08001c80       0x74 ./Drivers/BSP/stm32f429i_discovery.o
 .text.LCD_IO_Init
                0x08001cf4       0xf0 ./Drivers/BSP/stm32f429i_discovery.o
                0x08001cf4                LCD_IO_Init
 .text.LCD_IO_WriteData
                0x08001de4       0x44 ./Drivers/BSP/stm32f429i_discovery.o
                0x08001de4                LCD_IO_WriteData
 .text.LCD_IO_WriteReg
                0x08001e28       0x44 ./Drivers/BSP/stm32f429i_discovery.o
                0x08001e28                LCD_IO_WriteReg
 .text.LCD_IO_ReadData
                0x08001e6c       0x64 ./Drivers/BSP/stm32f429i_discovery.o
                0x08001e6c                LCD_IO_ReadData
 .text.LCD_Delay
                0x08001ed0       0x16 ./Drivers/BSP/stm32f429i_discovery.o
                0x08001ed0                LCD_Delay
 .text.IOE_Init
                0x08001ee6        0xc ./Drivers/BSP/stm32f429i_discovery.o
                0x08001ee6                IOE_Init
 .text.IOE_ITConfig
                0x08001ef2        0xc ./Drivers/BSP/stm32f429i_discovery.o
                0x08001ef2                IOE_ITConfig
 .text.IOE_Write
                0x08001efe       0x26 ./Drivers/BSP/stm32f429i_discovery.o
                0x08001efe                IOE_Write
 .text.IOE_Read
                0x08001f24       0x26 ./Drivers/BSP/stm32f429i_discovery.o
                0x08001f24                IOE_Read
 .text.IOE_ReadMultiple
                0x08001f4a       0x2c ./Drivers/BSP/stm32f429i_discovery.o
                0x08001f4a                IOE_ReadMultiple
 .text.IOE_Delay
                0x08001f76       0x16 ./Drivers/BSP/stm32f429i_discovery.o
                0x08001f76                IOE_Delay
 .text.BSP_LCD_Init
                0x08001f8c       0xd4 ./Drivers/BSP/stm32f429i_discovery_lcd.o
                0x08001f8c                BSP_LCD_Init
 .text.BSP_LCD_GetXSize
                0x08002060       0x18 ./Drivers/BSP/stm32f429i_discovery_lcd.o
                0x08002060                BSP_LCD_GetXSize
 .text.BSP_LCD_GetYSize
                0x08002078       0x18 ./Drivers/BSP/stm32f429i_discovery_lcd.o
                0x08002078                BSP_LCD_GetYSize
 .text.BSP_LCD_LayerDefaultInit
                0x08002090       0xc8 ./Drivers/BSP/stm32f429i_discovery_lcd.o
                0x08002090                BSP_LCD_LayerDefaultInit
 .text.BSP_LCD_SelectLayer
                0x08002158       0x20 ./Drivers/BSP/stm32f429i_discovery_lcd.o
                0x08002158                BSP_LCD_SelectLayer
 .text.BSP_LCD_SetTextColor
                0x08002178       0x30 ./Drivers/BSP/stm32f429i_discovery_lcd.o
                0x08002178                BSP_LCD_SetTextColor
 .text.BSP_LCD_SetFont
                0x080021a8       0x34 ./Drivers/BSP/stm32f429i_discovery_lcd.o
                0x080021a8                BSP_LCD_SetFont
 .text.BSP_LCD_Clear
                0x080021dc       0x50 ./Drivers/BSP/stm32f429i_discovery_lcd.o
                0x080021dc                BSP_LCD_Clear
 .text.BSP_LCD_DisplayChar
                0x0800222c       0x88 ./Drivers/BSP/stm32f429i_discovery_lcd.o
                0x0800222c                BSP_LCD_DisplayChar
 .text.BSP_LCD_DisplayStringAt
                0x080022b4      0x17c ./Drivers/BSP/stm32f429i_discovery_lcd.o
                0x080022b4                BSP_LCD_DisplayStringAt
 .text.BSP_LCD_DrawHLine
                0x08002430       0x7c ./Drivers/BSP/stm32f429i_discovery_lcd.o
                0x08002430                BSP_LCD_DrawHLine
 .text.BSP_LCD_DrawCircle
                0x080024ac      0x1d4 ./Drivers/BSP/stm32f429i_discovery_lcd.o
                0x080024ac                BSP_LCD_DrawCircle
 .text.BSP_LCD_FillCircle
                0x08002680      0x140 ./Drivers/BSP/stm32f429i_discovery_lcd.o
                0x08002680                BSP_LCD_FillCircle
 .text.BSP_LCD_DisplayOn
                0x080027c0       0x20 ./Drivers/BSP/stm32f429i_discovery_lcd.o
                0x080027c0                BSP_LCD_DisplayOn
 .text.BSP_LCD_MspInit
                0x080027e0      0x1ac ./Drivers/BSP/stm32f429i_discovery_lcd.o
                0x080027e0                BSP_LCD_MspInit
 .text.BSP_LCD_DrawPixel
                0x0800298c       0x4c ./Drivers/BSP/stm32f429i_discovery_lcd.o
                0x0800298c                BSP_LCD_DrawPixel
 .text.DrawChar
                0x080029d8      0x174 ./Drivers/BSP/stm32f429i_discovery_lcd.o
 .text.FillBuffer
                0x08002b4c       0x70 ./Drivers/BSP/stm32f429i_discovery_lcd.o
 .text.BSP_SDRAM_Init
                0x08002bbc       0xbc ./Drivers/BSP/stm32f429i_discovery_sdram.o
                0x08002bbc                BSP_SDRAM_Init
 .text.BSP_SDRAM_Initialization_sequence
                0x08002c78       0xc0 ./Drivers/BSP/stm32f429i_discovery_sdram.o
                0x08002c78                BSP_SDRAM_Initialization_sequence
 .text.BSP_SDRAM_MspInit
                0x08002d38      0x218 ./Drivers/BSP/stm32f429i_discovery_sdram.o
                0x08002d38                BSP_SDRAM_MspInit
 .text.BSP_TS_Init
                0x08002f50       0x74 ./Drivers/BSP/stm32f429i_discovery_ts.o
                0x08002f50                BSP_TS_Init
 .text.BSP_TS_GetState
                0x08002fc4      0x164 ./Drivers/BSP/stm32f429i_discovery_ts.o
                0x08002fc4                BSP_TS_GetState
 .text.ili9341_Init
                0x08003128      0x294 ./Drivers/Components/ili9341/ili9341.o
                0x08003128                ili9341_Init
 .text.ili9341_ReadID
                0x080033bc       0x18 ./Drivers/Components/ili9341/ili9341.o
                0x080033bc                ili9341_ReadID
 .text.ili9341_DisplayOn
                0x080033d4        0xe ./Drivers/Components/ili9341/ili9341.o
                0x080033d4                ili9341_DisplayOn
 .text.ili9341_DisplayOff
                0x080033e2        0xe ./Drivers/Components/ili9341/ili9341.o
                0x080033e2                ili9341_DisplayOff
 .text.ili9341_WriteReg
                0x080033f0       0x1a ./Drivers/Components/ili9341/ili9341.o
                0x080033f0                ili9341_WriteReg
 .text.ili9341_WriteData
                0x0800340a       0x1a ./Drivers/Components/ili9341/ili9341.o
                0x0800340a                ili9341_WriteData
 .text.ili9341_ReadData
                0x08003424       0x26 ./Drivers/Components/ili9341/ili9341.o
                0x08003424                ili9341_ReadData
 .text.ili9341_GetLcdPixelWidth
                0x0800344a       0x10 ./Drivers/Components/ili9341/ili9341.o
                0x0800344a                ili9341_GetLcdPixelWidth
 .text.ili9341_GetLcdPixelHeight
                0x0800345a       0x12 ./Drivers/Components/ili9341/ili9341.o
                0x0800345a                ili9341_GetLcdPixelHeight
 .text.stmpe811_Init
                0x0800346c       0x50 ./Drivers/Components/stmpe811/stmpe811.o
                0x0800346c                stmpe811_Init
 .text.stmpe811_Reset
                0x080034bc       0x3a ./Drivers/Components/stmpe811/stmpe811.o
                0x080034bc                stmpe811_Reset
 .text.stmpe811_ReadID
                0x080034f6       0x40 ./Drivers/Components/stmpe811/stmpe811.o
                0x080034f6                stmpe811_ReadID
 .text.stmpe811_EnableGlobalIT
                0x08003536       0x3c ./Drivers/Components/stmpe811/stmpe811.o
                0x08003536                stmpe811_EnableGlobalIT
 .text.stmpe811_DisableGlobalIT
                0x08003572       0x3c ./Drivers/Components/stmpe811/stmpe811.o
                0x08003572                stmpe811_DisableGlobalIT
 .text.stmpe811_EnableITSource
                0x080035ae       0x42 ./Drivers/Components/stmpe811/stmpe811.o
                0x080035ae                stmpe811_EnableITSource
 .text.stmpe811_DisableITSource
                0x080035f0       0x4c ./Drivers/Components/stmpe811/stmpe811.o
                0x080035f0                stmpe811_DisableITSource
 .text.stmpe811_ReadGITStatus
                0x0800363c       0x2e ./Drivers/Components/stmpe811/stmpe811.o
                0x0800363c                stmpe811_ReadGITStatus
 .text.stmpe811_ClearGlobalIT
                0x0800366a       0x26 ./Drivers/Components/stmpe811/stmpe811.o
                0x0800366a                stmpe811_ClearGlobalIT
 .text.stmpe811_IO_EnableAF
                0x08003690       0x48 ./Drivers/Components/stmpe811/stmpe811.o
                0x08003690                stmpe811_IO_EnableAF
 .text.stmpe811_TS_Start
                0x080036d8       0xf0 ./Drivers/Components/stmpe811/stmpe811.o
                0x080036d8                stmpe811_TS_Start
 .text.stmpe811_TS_DetectTouch
                0x080037c8       0x70 ./Drivers/Components/stmpe811/stmpe811.o
                0x080037c8                stmpe811_TS_DetectTouch
 .text.stmpe811_TS_GetXY
                0x08003838       0x72 ./Drivers/Components/stmpe811/stmpe811.o
                0x08003838                stmpe811_TS_GetXY
 .text.stmpe811_TS_EnableIT
                0x080038aa       0x28 ./Drivers/Components/stmpe811/stmpe811.o
                0x080038aa                stmpe811_TS_EnableIT
 .text.stmpe811_TS_DisableIT
                0x080038d2       0x24 ./Drivers/Components/stmpe811/stmpe811.o
                0x080038d2                stmpe811_TS_DisableIT
 .text.stmpe811_TS_ITStatus
                0x080038f6       0x1e ./Drivers/Components/stmpe811/stmpe811.o
                0x080038f6                stmpe811_TS_ITStatus
 .text.stmpe811_TS_ClearIT
                0x08003914       0x1c ./Drivers/Components/stmpe811/stmpe811.o
                0x08003914                stmpe811_TS_ClearIT
 .text.stmpe811_GetInstance
                0x08003930       0x44 ./Drivers/Components/stmpe811/stmpe811.o
 .text.HAL_Init
                0x08003974       0x44 ./Drivers/STM32F4xx_HAL_Driver/Src/stm32f4xx_hal.o
                0x08003974                HAL_Init
 .text.HAL_IncTick
                0x080039b8       0x28 ./Drivers/STM32F4xx_HAL_Driver/Src/stm32f4xx_hal.o
                0x080039b8                HAL_IncTick
 .text.HAL_GetTick
                0x080039e0       0x18 ./Drivers/STM32F4xx_HAL_Driver/Src/stm32f4xx_hal.o
                0x080039e0                HAL_GetTick
 .text.HAL_Delay
                0x080039f8       0x48 ./Drivers/STM32F4xx_HAL_Driver/Src/stm32f4xx_hal.o
                0x080039f8                HAL_Delay
 .text.__NVIC_SetPriorityGrouping
                0x08003a40       0x48 ./Drivers/STM32F4xx_HAL_Driver/Src/stm32f4xx_hal_cortex.o
 .text.__NVIC_GetPriorityGrouping
                0x08003a88       0x1c ./Drivers/STM32F4xx_HAL_Driver/Src/stm32f4xx_hal_cortex.o
 .text.__NVIC_EnableIRQ
                0x08003aa4       0x3c ./Drivers/STM32F4xx_HAL_Driver/Src/stm32f4xx_hal_cortex.o
 .text.__NVIC_SetPriority
                0x08003ae0       0x54 ./Drivers/STM32F4xx_HAL_Driver/Src/stm32f4xx_hal_cortex.o
 .text.NVIC_EncodePriority
                0x08003b34       0x66 ./Drivers/STM32F4xx_HAL_Driver/Src/stm32f4xx_hal_cortex.o
 .text.HAL_NVIC_SetPriorityGrouping
                0x08003b9a       0x16 ./Drivers/STM32F4xx_HAL_Driver/Src/stm32f4xx_hal_cortex.o
                0x08003b9a                HAL_NVIC_SetPriorityGrouping
 .text.HAL_NVIC_SetPriority
                0x08003bb0       0x38 ./Drivers/STM32F4xx_HAL_Driver/Src/stm32f4xx_hal_cortex.o
                0x08003bb0                HAL_NVIC_SetPriority
 .text.HAL_NVIC_EnableIRQ
                0x08003be8       0x1c ./Drivers/STM32F4xx_HAL_Driver/Src/stm32f4xx_hal_cortex.o
                0x08003be8                HAL_NVIC_EnableIRQ
 .text.HAL_DMA_Init
                0x08003c04      0x15c ./Drivers/STM32F4xx_HAL_Driver/Src/stm32f4xx_hal_dma.o
                0x08003c04                HAL_DMA_Init
 .text.HAL_DMA_DeInit
                0x08003d60       0xbc ./Drivers/STM32F4xx_HAL_Driver/Src/stm32f4xx_hal_dma.o
                0x08003d60                HAL_DMA_DeInit
 .text.DMA_CalcBaseAndBitshift
                0x08003e1c       0x6c ./Drivers/STM32F4xx_HAL_Driver/Src/stm32f4xx_hal_dma.o
 .text.DMA_CheckFifoParam
                0x08003e88       0xf8 ./Drivers/STM32F4xx_HAL_Driver/Src/stm32f4xx_hal_dma.o
 .text.HAL_DMA2D_Init
                0x08003f80       0x92 ./Drivers/STM32F4xx_HAL_Driver/Src/stm32f4xx_hal_dma2d.o
                0x08003f80                HAL_DMA2D_Init
 .text.HAL_DMA2D_Start
                0x08004012       0x56 ./Drivers/STM32F4xx_HAL_Driver/Src/stm32f4xx_hal_dma2d.o
                0x08004012                HAL_DMA2D_Start
 .text.HAL_DMA2D_PollForTransfer
                0x08004068      0x1d2 ./Drivers/STM32F4xx_HAL_Driver/Src/stm32f4xx_hal_dma2d.o
                0x08004068                HAL_DMA2D_PollForTransfer
 .text.HAL_DMA2D_IRQHandler
                0x0800423a      0x1f8 ./Drivers/STM32F4xx_HAL_Driver/Src/stm32f4xx_hal_dma2d.o
                0x0800423a                HAL_DMA2D_IRQHandler
 .text.HAL_DMA2D_LineEventCallback
                0x08004432       0x14 ./Drivers/STM32F4xx_HAL_Driver/Src/stm32f4xx_hal_dma2d.o
                0x08004432                HAL_DMA2D_LineEventCallback
 .text.HAL_DMA2D_CLUTLoadingCpltCallback
                0x08004446       0x14 ./Drivers/STM32F4xx_HAL_Driver/Src/stm32f4xx_hal_dma2d.o
                0x08004446                HAL_DMA2D_CLUTLoadingCpltCallback
 *fill*         0x0800445a        0x2 
 .text.HAL_DMA2D_ConfigLayer
                0x0800445c      0x124 ./Drivers/STM32F4xx_HAL_Driver/Src/stm32f4xx_hal_dma2d.o
                0x0800445c                HAL_DMA2D_ConfigLayer
 .text.DMA2D_SetConfig
                0x08004580      0x138 ./Drivers/STM32F4xx_HAL_Driver/Src/stm32f4xx_hal_dma2d.o
 .text.HAL_GPIO_Init
                0x080046b8      0x358 ./Drivers/STM32F4xx_HAL_Driver/Src/stm32f4xx_hal_gpio.o
                0x080046b8                HAL_GPIO_Init
 .text.HAL_GPIO_DeInit
                0x08004a10      0x218 ./Drivers/STM32F4xx_HAL_Driver/Src/stm32f4xx_hal_gpio.o
                0x08004a10                HAL_GPIO_DeInit
 .text.HAL_GPIO_WritePin
                0x08004c28       0x32 ./Drivers/STM32F4xx_HAL_Driver/Src/stm32f4xx_hal_gpio.o
                0x08004c28                HAL_GPIO_WritePin
 *fill*         0x08004c5a        0x2 
 .text.HAL_I2C_Init
                0x08004c5c      0x288 ./Drivers/STM32F4xx_HAL_Driver/Src/stm32f4xx_hal_i2c.o
                0x08004c5c                HAL_I2C_Init
 .text.HAL_I2C_DeInit
                0x08004ee4       0x5e ./Drivers/STM32F4xx_HAL_Driver/Src/stm32f4xx_hal_i2c.o
                0x08004ee4                HAL_I2C_DeInit
 *fill*         0x08004f42        0x2 
 .text.HAL_I2C_Mem_Write
                0x08004f44      0x1f4 ./Drivers/STM32F4xx_HAL_Driver/Src/stm32f4xx_hal_i2c.o
                0x08004f44                HAL_I2C_Mem_Write
 .text.HAL_I2C_Mem_Read
                0x08005138      0x464 ./Drivers/STM32F4xx_HAL_Driver/Src/stm32f4xx_hal_i2c.o
                0x08005138                HAL_I2C_Mem_Read
 .text.HAL_I2C_GetState
                0x0800559c       0x1c ./Drivers/STM32F4xx_HAL_Driver/Src/stm32f4xx_hal_i2c.o
                0x0800559c                HAL_I2C_GetState
 .text.I2C_RequestMemoryWrite
                0x080055b8      0x12c ./Drivers/STM32F4xx_HAL_Driver/Src/stm32f4xx_hal_i2c.o
 .text.I2C_RequestMemoryRead
                0x080056e4      0x1d0 ./Drivers/STM32F4xx_HAL_Driver/Src/stm32f4xx_hal_i2c.o
 .text.I2C_WaitOnFlagUntilTimeout
                0x080058b4       0xf4 ./Drivers/STM32F4xx_HAL_Driver/Src/stm32f4xx_hal_i2c.o
 .text.I2C_WaitOnMasterAddressFlagUntilTimeout
                0x080059a8      0x140 ./Drivers/STM32F4xx_HAL_Driver/Src/stm32f4xx_hal_i2c.o
 .text.I2C_WaitOnTXEFlagUntilTimeout
                0x08005ae8       0x90 ./Drivers/STM32F4xx_HAL_Driver/Src/stm32f4xx_hal_i2c.o
 .text.I2C_WaitOnBTFFlagUntilTimeout
                0x08005b78       0x90 ./Drivers/STM32F4xx_HAL_Driver/Src/stm32f4xx_hal_i2c.o
 .text.I2C_WaitOnRXNEFlagUntilTimeout
                0x08005c08       0xba ./Drivers/STM32F4xx_HAL_Driver/Src/stm32f4xx_hal_i2c.o
 .text.I2C_IsAcknowledgeFailed
                0x08005cc2       0x5e ./Drivers/STM32F4xx_HAL_Driver/Src/stm32f4xx_hal_i2c.o
 .text.HAL_I2CEx_ConfigAnalogFilter
                0x08005d20       0x78 ./Drivers/STM32F4xx_HAL_Driver/Src/stm32f4xx_hal_i2c_ex.o
                0x08005d20                HAL_I2CEx_ConfigAnalogFilter
 .text.HAL_I2CEx_ConfigDigitalFilter
                0x08005d98       0x7e ./Drivers/STM32F4xx_HAL_Driver/Src/stm32f4xx_hal_i2c_ex.o
                0x08005d98                HAL_I2CEx_ConfigDigitalFilter
 .text.HAL_LTDC_Init
                0x08005e16      0x13a ./Drivers/STM32F4xx_HAL_Driver/Src/stm32f4xx_hal_ltdc.o
                0x08005e16                HAL_LTDC_Init
 .text.HAL_LTDC_IRQHandler
                0x08005f50      0x148 ./Drivers/STM32F4xx_HAL_Driver/Src/stm32f4xx_hal_ltdc.o
                0x08005f50                HAL_LTDC_IRQHandler
 .text.HAL_LTDC_ErrorCallback
                0x08006098       0x14 ./Drivers/STM32F4xx_HAL_Driver/Src/stm32f4xx_hal_ltdc.o
                0x08006098                HAL_LTDC_ErrorCallback
 .text.HAL_LTDC_LineEventCallback
                0x080060ac       0x14 ./Drivers/STM32F4xx_HAL_Driver/Src/stm32f4xx_hal_ltdc.o
                0x080060ac                HAL_LTDC_LineEventCallback
 .text.HAL_LTDC_ReloadEventCallback
                0x080060c0       0x14 ./Drivers/STM32F4xx_HAL_Driver/Src/stm32f4xx_hal_ltdc.o
                0x080060c0                HAL_LTDC_ReloadEventCallback
 .text.HAL_LTDC_ConfigLayer
                0x080060d4       0x7c ./Drivers/STM32F4xx_HAL_Driver/Src/stm32f4xx_hal_ltdc.o
                0x080060d4                HAL_LTDC_ConfigLayer
 .text.HAL_LTDC_EnableDither
                0x08006150       0x54 ./Drivers/STM32F4xx_HAL_Driver/Src/stm32f4xx_hal_ltdc.o
                0x08006150                HAL_LTDC_EnableDither
 .text.LTDC_SetConfig
                0x080061a4      0x2e6 ./Drivers/STM32F4xx_HAL_Driver/Src/stm32f4xx_hal_ltdc.o
 .text.HAL_PCD_Init
                0x0800648a      0x21e ./Drivers/STM32F4xx_HAL_Driver/Src/stm32f4xx_hal_pcd.o
                0x0800648a                HAL_PCD_Init
 .text.HAL_PCD_Start
                0x080066a8       0x6a ./Drivers/STM32F4xx_HAL_Driver/Src/stm32f4xx_hal_pcd.o
                0x080066a8                HAL_PCD_Start
 .text.HAL_PCD_IRQHandler
                0x08006712      0x942 ./Drivers/STM32F4xx_HAL_Driver/Src/stm32f4xx_hal_pcd.o
                0x08006712                HAL_PCD_IRQHandler
 .text.HAL_PCD_SetAddress
                0x08007054       0x48 ./Drivers/STM32F4xx_HAL_Driver/Src/stm32f4xx_hal_pcd.o
                0x08007054                HAL_PCD_SetAddress
 .text.HAL_PCD_EP_Open
                0x0800709c       0xd4 ./Drivers/STM32F4xx_HAL_Driver/Src/stm32f4xx_hal_pcd.o
                0x0800709c                HAL_PCD_EP_Open
 .text.HAL_PCD_EP_Close
                0x08007170       0x94 ./Drivers/STM32F4xx_HAL_Driver/Src/stm32f4xx_hal_pcd.o
                0x08007170                HAL_PCD_EP_Close
 .text.HAL_PCD_EP_Receive
                0x08007204       0x76 ./Drivers/STM32F4xx_HAL_Driver/Src/stm32f4xx_hal_pcd.o
                0x08007204                HAL_PCD_EP_Receive
 .text.HAL_PCD_EP_Transmit
                0x0800727a       0x74 ./Drivers/STM32F4xx_HAL_Driver/Src/stm32f4xx_hal_pcd.o
                0x0800727a                HAL_PCD_EP_Transmit
 .text.HAL_PCD_EP_SetStall
                0x080072ee       0xc6 ./Drivers/STM32F4xx_HAL_Driver/Src/stm32f4xx_hal_pcd.o
                0x080072ee                HAL_PCD_EP_SetStall
 .text.HAL_PCD_EP_ClrStall
                0x080073b4       0xac ./Drivers/STM32F4xx_HAL_Driver/Src/stm32f4xx_hal_pcd.o
                0x080073b4                HAL_PCD_EP_ClrStall
 .text.HAL_PCD_EP_Abort
                0x08007460       0x62 ./Drivers/STM32F4xx_HAL_Driver/Src/stm32f4xx_hal_pcd.o
                0x08007460                HAL_PCD_EP_Abort
 .text.PCD_WriteEmptyTxFifo
                0x080074c2      0x118 ./Drivers/STM32F4xx_HAL_Driver/Src/stm32f4xx_hal_pcd.o
 *fill*         0x080075da        0x2 
 .text.PCD_EP_OutXfrComplete_int
                0x080075dc      0x1d0 ./Drivers/STM32F4xx_HAL_Driver/Src/stm32f4xx_hal_pcd.o
 .text.PCD_EP_OutSetupPacket_int
                0x080077ac       0x8c ./Drivers/STM32F4xx_HAL_Driver/Src/stm32f4xx_hal_pcd.o
 .text.HAL_PCDEx_SetTxFiFo
                0x08007838       0x8e ./Drivers/STM32F4xx_HAL_Driver/Src/stm32f4xx_hal_pcd_ex.o
                0x08007838                HAL_PCDEx_SetTxFiFo
 .text.HAL_PCDEx_SetRxFiFo
                0x080078c6       0x22 ./Drivers/STM32F4xx_HAL_Driver/Src/stm32f4xx_hal_pcd_ex.o
                0x080078c6                HAL_PCDEx_SetRxFiFo
 .text.HAL_PCDEx_LPM_Callback
                0x080078e8       0x18 ./Drivers/STM32F4xx_HAL_Driver/Src/stm32f4xx_hal_pcd_ex.o
                0x080078e8                HAL_PCDEx_LPM_Callback
 .text.HAL_RCC_OscConfig
                0x08007900      0x4f0 ./Drivers/STM32F4xx_HAL_Driver/Src/stm32f4xx_hal_rcc.o
                0x08007900                HAL_RCC_OscConfig
 .text.HAL_RCC_ClockConfig
                0x08007df0      0x1cc ./Drivers/STM32F4xx_HAL_Driver/Src/stm32f4xx_hal_rcc.o
                0x08007df0                HAL_RCC_ClockConfig
 .text.HAL_RCC_GetSysClockFreq
                0x08007fbc      0x20c ./Drivers/STM32F4xx_HAL_Driver/Src/stm32f4xx_hal_rcc.o
                0x08007fbc                HAL_RCC_GetSysClockFreq
 .text.HAL_RCC_GetHCLKFreq
                0x080081c8       0x18 ./Drivers/STM32F4xx_HAL_Driver/Src/stm32f4xx_hal_rcc.o
                0x080081c8                HAL_RCC_GetHCLKFreq
 .text.HAL_RCC_GetPCLK1Freq
                0x080081e0       0x28 ./Drivers/STM32F4xx_HAL_Driver/Src/stm32f4xx_hal_rcc.o
                0x080081e0                HAL_RCC_GetPCLK1Freq
 .text.HAL_RCC_GetPCLK2Freq
                0x08008208       0x28 ./Drivers/STM32F4xx_HAL_Driver/Src/stm32f4xx_hal_rcc.o
                0x08008208                HAL_RCC_GetPCLK2Freq
 .text.HAL_RCC_GetClockConfig
                0x08008230       0x64 ./Drivers/STM32F4xx_HAL_Driver/Src/stm32f4xx_hal_rcc.o
                0x08008230                HAL_RCC_GetClockConfig
 .text.HAL_RCCEx_PeriphCLKConfig
                0x08008294      0x380 ./Drivers/STM32F4xx_HAL_Driver/Src/stm32f4xx_hal_rcc_ex.o
                0x08008294                HAL_RCCEx_PeriphCLKConfig
 .text.HAL_SDRAM_Init
                0x08008614       0x68 ./Drivers/STM32F4xx_HAL_Driver/Src/stm32f4xx_hal_sdram.o
                0x08008614                HAL_SDRAM_Init
 .text.HAL_SDRAM_SendCommand
                0x0800867c       0x6a ./Drivers/STM32F4xx_HAL_Driver/Src/stm32f4xx_hal_sdram.o
                0x0800867c                HAL_SDRAM_SendCommand
 .text.HAL_SDRAM_ProgramRefreshRate
                0x080086e6       0x50 ./Drivers/STM32F4xx_HAL_Driver/Src/stm32f4xx_hal_sdram.o
                0x080086e6                HAL_SDRAM_ProgramRefreshRate
 .text.HAL_SPI_Init
                0x08008736      0x112 ./Drivers/STM32F4xx_HAL_Driver/Src/stm32f4xx_hal_spi.o
                0x08008736                HAL_SPI_Init
 .text.HAL_SPI_DeInit
                0x08008848       0x50 ./Drivers/STM32F4xx_HAL_Driver/Src/stm32f4xx_hal_spi.o
                0x08008848                HAL_SPI_DeInit
 .text.HAL_SPI_Transmit
                0x08008898      0x288 ./Drivers/STM32F4xx_HAL_Driver/Src/stm32f4xx_hal_spi.o
                0x08008898                HAL_SPI_Transmit
 .text.HAL_SPI_Receive
                0x08008b20      0x232 ./Drivers/STM32F4xx_HAL_Driver/Src/stm32f4xx_hal_spi.o
                0x08008b20                HAL_SPI_Receive
 .text.HAL_SPI_TransmitReceive
                0x08008d52      0x352 ./Drivers/STM32F4xx_HAL_Driver/Src/stm32f4xx_hal_spi.o
                0x08008d52                HAL_SPI_TransmitReceive
 .text.HAL_SPI_GetState
                0x080090a4       0x1c ./Drivers/STM32F4xx_HAL_Driver/Src/stm32f4xx_hal_spi.o
                0x080090a4                HAL_SPI_GetState
 .text.SPI_WaitFlagStateUntilTimeout
                0x080090c0      0x110 ./Drivers/STM32F4xx_HAL_Driver/Src/stm32f4xx_hal_spi.o
 .text.SPI_EndRxTransaction
                0x080091d0       0xca ./Drivers/STM32F4xx_HAL_Driver/Src/stm32f4xx_hal_spi.o
 *fill*         0x0800929a        0x2 
 .text.SPI_EndRxTxTransaction
                0x0800929c       0xa8 ./Drivers/STM32F4xx_HAL_Driver/Src/stm32f4xx_hal_spi.o
 .text.HAL_TIM_Base_Init
                0x08009344       0x9e ./Drivers/STM32F4xx_HAL_Driver/Src/stm32f4xx_hal_tim.o
                0x08009344                HAL_TIM_Base_Init
 *fill*         0x080093e2        0x2 
 .text.HAL_TIM_Base_Start_IT
                0x080093e4       0xe0 ./Drivers/STM32F4xx_HAL_Driver/Src/stm32f4xx_hal_tim.o
                0x080093e4                HAL_TIM_Base_Start_IT
 .text.HAL_TIM_IRQHandler
                0x080094c4      0x1e0 ./Drivers/STM32F4xx_HAL_Driver/Src/stm32f4xx_hal_tim.o
                0x080094c4                HAL_TIM_IRQHandler
 .text.HAL_TIM_ConfigClockSource
                0x080096a4      0x18e ./Drivers/STM32F4xx_HAL_Driver/Src/stm32f4xx_hal_tim.o
                0x080096a4                HAL_TIM_ConfigClockSource
 .text.HAL_TIM_OC_DelayElapsedCallback
                0x08009832       0x14 ./Drivers/STM32F4xx_HAL_Driver/Src/stm32f4xx_hal_tim.o
                0x08009832                HAL_TIM_OC_DelayElapsedCallback
 .text.HAL_TIM_IC_CaptureCallback
                0x08009846       0x14 ./Drivers/STM32F4xx_HAL_Driver/Src/stm32f4xx_hal_tim.o
                0x08009846                HAL_TIM_IC_CaptureCallback
 .text.HAL_TIM_PWM_PulseFinishedCallback
                0x0800985a       0x14 ./Drivers/STM32F4xx_HAL_Driver/Src/stm32f4xx_hal_tim.o
                0x0800985a                HAL_TIM_PWM_PulseFinishedCallback
 .text.HAL_TIM_TriggerCallback
                0x0800986e       0x14 ./Drivers/STM32F4xx_HAL_Driver/Src/stm32f4xx_hal_tim.o
                0x0800986e                HAL_TIM_TriggerCallback
 *fill*         0x08009882        0x2 
 .text.TIM_Base_SetConfig
                0x08009884      0x14c ./Drivers/STM32F4xx_HAL_Driver/Src/stm32f4xx_hal_tim.o
                0x08009884                TIM_Base_SetConfig
 .text.TIM_TI1_ConfigInputStage
                0x080099d0       0x5e ./Drivers/STM32F4xx_HAL_Driver/Src/stm32f4xx_hal_tim.o
 .text.TIM_TI2_ConfigInputStage
                0x08009a2e       0x60 ./Drivers/STM32F4xx_HAL_Driver/Src/stm32f4xx_hal_tim.o
 .text.TIM_ITRx_SetConfig
                0x08009a8e       0x36 ./Drivers/STM32F4xx_HAL_Driver/Src/stm32f4xx_hal_tim.o
 .text.TIM_ETR_SetConfig
                0x08009ac4       0x40 ./Drivers/STM32F4xx_HAL_Driver/Src/stm32f4xx_hal_tim.o
                0x08009ac4                TIM_ETR_SetConfig
 .text.HAL_TIMEx_MasterConfigSynchronization
                0x08009b04       0xf8 ./Drivers/STM32F4xx_HAL_Driver/Src/stm32f4xx_hal_tim_ex.o
                0x08009b04                HAL_TIMEx_MasterConfigSynchronization
 .text.HAL_TIMEx_CommutCallback
                0x08009bfc       0x14 ./Drivers/STM32F4xx_HAL_Driver/Src/stm32f4xx_hal_tim_ex.o
                0x08009bfc                HAL_TIMEx_CommutCallback
 .text.HAL_TIMEx_BreakCallback
                0x08009c10       0x14 ./Drivers/STM32F4xx_HAL_Driver/Src/stm32f4xx_hal_tim_ex.o
                0x08009c10                HAL_TIMEx_BreakCallback
 .text.HAL_UART_Init
                0x08009c24       0xa0 ./Drivers/STM32F4xx_HAL_Driver/Src/stm32f4xx_hal_uart.o
                0x08009c24                HAL_UART_Init
 .text.HAL_UART_Transmit
                0x08009cc4      0x116 ./Drivers/STM32F4xx_HAL_Driver/Src/stm32f4xx_hal_uart.o
                0x08009cc4                HAL_UART_Transmit
 .text.UART_WaitOnFlagUntilTimeout
                0x08009dda       0xb2 ./Drivers/STM32F4xx_HAL_Driver/Src/stm32f4xx_hal_uart.o
 .text.UART_EndRxTransfer
                0x08009e8c       0xc6 ./Drivers/STM32F4xx_HAL_Driver/Src/stm32f4xx_hal_uart.o
 *fill*         0x08009f52        0x2 
 .text.UART_SetConfig
                0x08009f54      0x4e8 ./Drivers/STM32F4xx_HAL_Driver/Src/stm32f4xx_hal_uart.o
 .text.FMC_SDRAM_Init
                0x0800a43c       0xba ./Drivers/STM32F4xx_HAL_Driver/Src/stm32f4xx_ll_fmc.o
                0x0800a43c                FMC_SDRAM_Init
 .text.FMC_SDRAM_Timing_Init
                0x0800a4f6       0xd2 ./Drivers/STM32F4xx_HAL_Driver/Src/stm32f4xx_ll_fmc.o
                0x0800a4f6                FMC_SDRAM_Timing_Init
 .text.FMC_SDRAM_SendCommand
                0x0800a5c8       0x7a ./Drivers/STM32F4xx_HAL_Driver/Src/stm32f4xx_ll_fmc.o
                0x0800a5c8                FMC_SDRAM_SendCommand
 .text.FMC_SDRAM_ProgramRefreshRate
                0x0800a642       0x2e ./Drivers/STM32F4xx_HAL_Driver/Src/stm32f4xx_ll_fmc.o
                0x0800a642                FMC_SDRAM_ProgramRefreshRate
 .text.USB_CoreInit
                0x0800a670       0xc8 ./Drivers/STM32F4xx_HAL_Driver/Src/stm32f4xx_ll_usb.o
                0x0800a670                USB_CoreInit
 .text.USB_SetTurnaroundTime
                0x0800a738      0x144 ./Drivers/STM32F4xx_HAL_Driver/Src/stm32f4xx_ll_usb.o
                0x0800a738                USB_SetTurnaroundTime
 .text.USB_EnableGlobalInt
                0x0800a87c       0x22 ./Drivers/STM32F4xx_HAL_Driver/Src/stm32f4xx_ll_usb.o
                0x0800a87c                USB_EnableGlobalInt
 .text.USB_DisableGlobalInt
                0x0800a89e       0x22 ./Drivers/STM32F4xx_HAL_Driver/Src/stm32f4xx_ll_usb.o
                0x0800a89e                USB_DisableGlobalInt
 .text.USB_SetCurrentMode
                0x0800a8c0       0x98 ./Drivers/STM32F4xx_HAL_Driver/Src/stm32f4xx_ll_usb.o
                0x0800a8c0                USB_SetCurrentMode
 .text.USB_DevInit
                0x0800a958      0x2c8 ./Drivers/STM32F4xx_HAL_Driver/Src/stm32f4xx_ll_usb.o
                0x0800a958                USB_DevInit
 .text.USB_FlushTxFifo
                0x0800ac20       0x64 ./Drivers/STM32F4xx_HAL_Driver/Src/stm32f4xx_ll_usb.o
                0x0800ac20                USB_FlushTxFifo
 .text.USB_FlushRxFifo
                0x0800ac84       0x5c ./Drivers/STM32F4xx_HAL_Driver/Src/stm32f4xx_ll_usb.o
                0x0800ac84                USB_FlushRxFifo
 .text.USB_SetDevSpeed
                0x0800ace0       0x32 ./Drivers/STM32F4xx_HAL_Driver/Src/stm32f4xx_ll_usb.o
                0x0800ace0                USB_SetDevSpeed
 .text.USB_GetDevSpeed
                0x0800ad12       0x4a ./Drivers/STM32F4xx_HAL_Driver/Src/stm32f4xx_ll_usb.o
                0x0800ad12                USB_GetDevSpeed
 .text.USB_ActivateEndpoint
                0x0800ad5c      0x10e ./Drivers/STM32F4xx_HAL_Driver/Src/stm32f4xx_ll_usb.o
                0x0800ad5c                USB_ActivateEndpoint
 *fill*         0x0800ae6a        0x2 
 .text.USB_DeactivateEndpoint
                0x0800ae6c      0x1b8 ./Drivers/STM32F4xx_HAL_Driver/Src/stm32f4xx_ll_usb.o
                0x0800ae6c                USB_DeactivateEndpoint
 .text.USB_EPStartXfer
                0x0800b024      0x53c ./Drivers/STM32F4xx_HAL_Driver/Src/stm32f4xx_ll_usb.o
                0x0800b024                USB_EPStartXfer
 .text.USB_EPStopXfer
                0x0800b560      0x154 ./Drivers/STM32F4xx_HAL_Driver/Src/stm32f4xx_ll_usb.o
                0x0800b560                USB_EPStopXfer
 .text.USB_WritePacket
                0x0800b6b4       0x7c ./Drivers/STM32F4xx_HAL_Driver/Src/stm32f4xx_ll_usb.o
                0x0800b6b4                USB_WritePacket
 .text.USB_ReadPacket
                0x0800b730       0xb0 ./Drivers/STM32F4xx_HAL_Driver/Src/stm32f4xx_ll_usb.o
                0x0800b730                USB_ReadPacket
 .text.USB_EPSetStall
                0x0800b7e0       0xdc ./Drivers/STM32F4xx_HAL_Driver/Src/stm32f4xx_ll_usb.o
                0x0800b7e0                USB_EPSetStall
 .text.USB_EPClearStall
                0x0800b8bc       0xcc ./Drivers/STM32F4xx_HAL_Driver/Src/stm32f4xx_ll_usb.o
                0x0800b8bc                USB_EPClearStall
 .text.USB_SetDevAddress
                0x0800b988       0x4c ./Drivers/STM32F4xx_HAL_Driver/Src/stm32f4xx_ll_usb.o
                0x0800b988                USB_SetDevAddress
 .text.USB_DevConnect
                0x0800b9d4       0x42 ./Drivers/STM32F4xx_HAL_Driver/Src/stm32f4xx_ll_usb.o
                0x0800b9d4                USB_DevConnect
 .text.USB_DevDisconnect
                0x0800ba16       0x42 ./Drivers/STM32F4xx_HAL_Driver/Src/stm32f4xx_ll_usb.o
                0x0800ba16                USB_DevDisconnect
 .text.USB_ReadInterrupts
                0x0800ba58       0x26 ./Drivers/STM32F4xx_HAL_Driver/Src/stm32f4xx_ll_usb.o
                0x0800ba58                USB_ReadInterrupts
 .text.USB_ReadDevAllOutEpInterrupt
                0x0800ba7e       0x34 ./Drivers/STM32F4xx_HAL_Driver/Src/stm32f4xx_ll_usb.o
                0x0800ba7e                USB_ReadDevAllOutEpInterrupt
 .text.USB_ReadDevAllInEpInterrupt
                0x0800bab2       0x34 ./Drivers/STM32F4xx_HAL_Driver/Src/stm32f4xx_ll_usb.o
                0x0800bab2                USB_ReadDevAllInEpInterrupt
 .text.USB_ReadDevOutEPInterrupt
                0x0800bae6       0x3c ./Drivers/STM32F4xx_HAL_Driver/Src/stm32f4xx_ll_usb.o
                0x0800bae6                USB_ReadDevOutEPInterrupt
 .text.USB_ReadDevInEPInterrupt
                0x0800bb22       0x5c ./Drivers/STM32F4xx_HAL_Driver/Src/stm32f4xx_ll_usb.o
                0x0800bb22                USB_ReadDevInEPInterrupt
 .text.USB_GetMode
                0x0800bb7e       0x1c ./Drivers/STM32F4xx_HAL_Driver/Src/stm32f4xx_ll_usb.o
                0x0800bb7e                USB_GetMode
 .text.USB_ActivateSetup
                0x0800bb9a       0x46 ./Drivers/STM32F4xx_HAL_Driver/Src/stm32f4xx_ll_usb.o
                0x0800bb9a                USB_ActivateSetup
 .text.USB_EP0_OutStart
                0x0800bbe0       0xbc ./Drivers/STM32F4xx_HAL_Driver/Src/stm32f4xx_ll_usb.o
                0x0800bbe0                USB_EP0_OutStart
 .text.USB_CoreReset
                0x0800bc9c       0x70 ./Drivers/STM32F4xx_HAL_Driver/Src/stm32f4xx_ll_usb.o
 .text.USBD_HID_Init
                0x0800bd0c       0xcc ./Middlewares/ST/STM32_USB_Device_Library/Class/HID/Src/usbd_hid.o
 .text.USBD_HID_DeInit
                0x0800bdd8       0x90 ./Middlewares/ST/STM32_USB_Device_Library/Class/HID/Src/usbd_hid.o
 .text.USBD_HID_Setup
                0x0800be68      0x210 ./Middlewares/ST/STM32_USB_Device_Library/Class/HID/Src/usbd_hid.o
 .text.USBD_HID_SendReport
                0x0800c078       0x60 ./Middlewares/ST/STM32_USB_Device_Library/Class/HID/Src/usbd_hid.o
                0x0800c078                USBD_HID_SendReport
 .text.USBD_HID_GetFSCfgDesc
                0x0800c0d8       0x34 ./Middlewares/ST/STM32_USB_Device_Library/Class/HID/Src/usbd_hid.o
 .text.USBD_HID_GetHSCfgDesc
                0x0800c10c       0x34 ./Middlewares/ST/STM32_USB_Device_Library/Class/HID/Src/usbd_hid.o
 .text.USBD_HID_GetOtherSpeedCfgDesc
                0x0800c140       0x34 ./Middlewares/ST/STM32_USB_Device_Library/Class/HID/Src/usbd_hid.o
 .text.USBD_HID_DataIn
                0x0800c174       0x2c ./Middlewares/ST/STM32_USB_Device_Library/Class/HID/Src/usbd_hid.o
 .text.USBD_HID_GetDeviceQualifierDesc
                0x0800c1a0       0x20 ./Middlewares/ST/STM32_USB_Device_Library/Class/HID/Src/usbd_hid.o
 .text.USBD_Init
                0x0800c1c0       0x60 ./Middlewares/ST/STM32_USB_Device_Library/Core/Src/usbd_core.o
                0x0800c1c0                USBD_Init
 .text.USBD_RegisterClass
                0x0800c220       0x6c ./Middlewares/ST/STM32_USB_Device_Library/Core/Src/usbd_core.o
                0x0800c220                USBD_RegisterClass
 .text.USBD_Start
                0x0800c28c       0x18 ./Middlewares/ST/STM32_USB_Device_Library/Core/Src/usbd_core.o
                0x0800c28c                USBD_Start
 .text.USBD_RunTestMode
                0x0800c2a4       0x16 ./Middlewares/ST/STM32_USB_Device_Library/Core/Src/usbd_core.o
                0x0800c2a4                USBD_RunTestMode
 .text.USBD_SetClassConfig
                0x0800c2ba       0x38 ./Middlewares/ST/STM32_USB_Device_Library/Core/Src/usbd_core.o
                0x0800c2ba                USBD_SetClassConfig
 .text.USBD_ClrClassConfig
                0x0800c2f2       0x34 ./Middlewares/ST/STM32_USB_Device_Library/Core/Src/usbd_core.o
                0x0800c2f2                USBD_ClrClassConfig
 .text.USBD_LL_SetupStage
                0x0800c326       0xaa ./Middlewares/ST/STM32_USB_Device_Library/Core/Src/usbd_core.o
                0x0800c326                USBD_LL_SetupStage
 .text.USBD_LL_DataOutStage
                0x0800c3d0      0x178 ./Middlewares/ST/STM32_USB_Device_Library/Core/Src/usbd_core.o
                0x0800c3d0                USBD_LL_DataOutStage
 .text.USBD_LL_DataInStage
                0x0800c548      0x176 ./Middlewares/ST/STM32_USB_Device_Library/Core/Src/usbd_core.o
                0x0800c548                USBD_LL_DataInStage
 .text.USBD_LL_Reset
                0x0800c6be       0xa6 ./Middlewares/ST/STM32_USB_Device_Library/Core/Src/usbd_core.o
                0x0800c6be                USBD_LL_Reset
 .text.USBD_LL_SetSpeed
                0x0800c764       0x20 ./Middlewares/ST/STM32_USB_Device_Library/Core/Src/usbd_core.o
                0x0800c764                USBD_LL_SetSpeed
 .text.USBD_LL_Suspend
                0x0800c784       0x38 ./Middlewares/ST/STM32_USB_Device_Library/Core/Src/usbd_core.o
                0x0800c784                USBD_LL_Suspend
 .text.USBD_LL_Resume
                0x0800c7bc       0x30 ./Middlewares/ST/STM32_USB_Device_Library/Core/Src/usbd_core.o
                0x0800c7bc                USBD_LL_Resume
 .text.USBD_LL_SOF
                0x0800c7ec       0x40 ./Middlewares/ST/STM32_USB_Device_Library/Core/Src/usbd_core.o
                0x0800c7ec                USBD_LL_SOF
 .text.USBD_LL_IsoINIncomplete
                0x0800c82c       0x64 ./Middlewares/ST/STM32_USB_Device_Library/Core/Src/usbd_core.o
                0x0800c82c                USBD_LL_IsoINIncomplete
 .text.USBD_LL_IsoOUTIncomplete
                0x0800c890       0x64 ./Middlewares/ST/STM32_USB_Device_Library/Core/Src/usbd_core.o
                0x0800c890                USBD_LL_IsoOUTIncomplete
 .text.USBD_LL_DevConnected
                0x0800c8f4       0x16 ./Middlewares/ST/STM32_USB_Device_Library/Core/Src/usbd_core.o
                0x0800c8f4                USBD_LL_DevConnected
 .text.USBD_LL_DevDisconnected
                0x0800c90a       0x46 ./Middlewares/ST/STM32_USB_Device_Library/Core/Src/usbd_core.o
                0x0800c90a                USBD_LL_DevDisconnected
 .text.USBD_CoreFindIF
                0x0800c950       0x1a ./Middlewares/ST/STM32_USB_Device_Library/Core/Src/usbd_core.o
                0x0800c950                USBD_CoreFindIF
 .text.USBD_CoreFindEP
                0x0800c96a       0x1a ./Middlewares/ST/STM32_USB_Device_Library/Core/Src/usbd_core.o
                0x0800c96a                USBD_CoreFindEP
 .text.USBD_GetEpDesc
                0x0800c984       0x70 ./Middlewares/ST/STM32_USB_Device_Library/Core/Src/usbd_core.o
                0x0800c984                USBD_GetEpDesc
 .text.USBD_GetNextDesc
                0x0800c9f4       0x38 ./Middlewares/ST/STM32_USB_Device_Library/Core/Src/usbd_core.o
                0x0800c9f4                USBD_GetNextDesc
 .text.SWAPBYTE
                0x0800ca2c       0x3e ./Middlewares/ST/STM32_USB_Device_Library/Core/Src/usbd_ctlreq.o
 *fill*         0x0800ca6a        0x2 
 .text.USBD_StdDevReq
                0x0800ca6c       0xe4 ./Middlewares/ST/STM32_USB_Device_Library/Core/Src/usbd_ctlreq.o
                0x0800ca6c                USBD_StdDevReq
 .text.USBD_StdItfReq
                0x0800cb50       0xd8 ./Middlewares/ST/STM32_USB_Device_Library/Core/Src/usbd_ctlreq.o
                0x0800cb50                USBD_StdItfReq
 .text.USBD_StdEPReq
                0x0800cc28      0x33e ./Middlewares/ST/STM32_USB_Device_Library/Core/Src/usbd_ctlreq.o
                0x0800cc28                USBD_StdEPReq
 *fill*         0x0800cf66        0x2 
 .text.USBD_GetDescriptor
                0x0800cf68      0x2d4 ./Middlewares/ST/STM32_USB_Device_Library/Core/Src/usbd_ctlreq.o
 .text.USBD_SetAddress
                0x0800d23c       0x88 ./Middlewares/ST/STM32_USB_Device_Library/Core/Src/usbd_ctlreq.o
 .text.USBD_SetConfig
                0x0800d2c4      0x154 ./Middlewares/ST/STM32_USB_Device_Library/Core/Src/usbd_ctlreq.o
 .text.USBD_GetConfig
                0x0800d418       0x6c ./Middlewares/ST/STM32_USB_Device_Library/Core/Src/usbd_ctlreq.o
 .text.USBD_GetStatus
                0x0800d484       0x68 ./Middlewares/ST/STM32_USB_Device_Library/Core/Src/usbd_ctlreq.o
 .text.USBD_SetFeature
                0x0800d4ec       0x52 ./Middlewares/ST/STM32_USB_Device_Library/Core/Src/usbd_ctlreq.o
 .text.USBD_ClrFeature
                0x0800d53e       0x44 ./Middlewares/ST/STM32_USB_Device_Library/Core/Src/usbd_ctlreq.o
 .text.USBD_ParseSetupRequest
                0x0800d582       0x74 ./Middlewares/ST/STM32_USB_Device_Library/Core/Src/usbd_ctlreq.o
                0x0800d582                USBD_ParseSetupRequest
 .text.USBD_CtlError
                0x0800d5f6       0x22 ./Middlewares/ST/STM32_USB_Device_Library/Core/Src/usbd_ctlreq.o
                0x0800d5f6                USBD_CtlError
 .text.USBD_GetString
                0x0800d618       0xa4 ./Middlewares/ST/STM32_USB_Device_Library/Core/Src/usbd_ctlreq.o
                0x0800d618                USBD_GetString
 .text.USBD_GetLen
                0x0800d6bc       0x34 ./Middlewares/ST/STM32_USB_Device_Library/Core/Src/usbd_ctlreq.o
 .text.USBD_CtlSendData
                0x0800d6f0       0x3c ./Middlewares/ST/STM32_USB_Device_Library/Core/Src/usbd_ioreq.o
                0x0800d6f0                USBD_CtlSendData
 .text.USBD_CtlContinueSendData
                0x0800d72c       0x22 ./Middlewares/ST/STM32_USB_Device_Library/Core/Src/usbd_ioreq.o
                0x0800d72c                USBD_CtlContinueSendData
 .text.USBD_CtlContinueRx
                0x0800d74e       0x22 ./Middlewares/ST/STM32_USB_Device_Library/Core/Src/usbd_ioreq.o
                0x0800d74e                USBD_CtlContinueRx
 .text.USBD_CtlSendStatus
                0x0800d770       0x26 ./Middlewares/ST/STM32_USB_Device_Library/Core/Src/usbd_ioreq.o
                0x0800d770                USBD_CtlSendStatus
 .text.USBD_CtlReceiveStatus
                0x0800d796       0x26 ./Middlewares/ST/STM32_USB_Device_Library/Core/Src/usbd_ioreq.o
                0x0800d796                USBD_CtlReceiveStatus
 .text.MX_USB_DEVICE_Init
                0x0800d7bc       0x4c ./USB_DEVICE/App/usb_device.o
                0x0800d7bc                MX_USB_DEVICE_Init
 .text.USBD_HS_DeviceDescriptor
                0x0800d808       0x24 ./USB_DEVICE/App/usbd_desc.o
                0x0800d808                USBD_HS_DeviceDescriptor
 .text.USBD_HS_LangIDStrDescriptor
                0x0800d82c       0x24 ./USB_DEVICE/App/usbd_desc.o
                0x0800d82c                USBD_HS_LangIDStrDescriptor
 .text.USBD_HS_ProductStrDescriptor
                0x0800d850       0x3c ./USB_DEVICE/App/usbd_desc.o
                0x0800d850                USBD_HS_ProductStrDescriptor
 .text.USBD_HS_ManufacturerStrDescriptor
                0x0800d88c       0x28 ./USB_DEVICE/App/usbd_desc.o
                0x0800d88c                USBD_HS_ManufacturerStrDescriptor
 .text.USBD_HS_SerialStrDescriptor
                0x0800d8b4       0x24 ./USB_DEVICE/App/usbd_desc.o
                0x0800d8b4                USBD_HS_SerialStrDescriptor
 .text.USBD_HS_ConfigStrDescriptor
                0x0800d8d8       0x3c ./USB_DEVICE/App/usbd_desc.o
                0x0800d8d8                USBD_HS_ConfigStrDescriptor
 .text.USBD_HS_InterfaceStrDescriptor
                0x0800d914       0x3c ./USB_DEVICE/App/usbd_desc.o
                0x0800d914                USBD_HS_InterfaceStrDescriptor
 .text.Get_SerialNum
                0x0800d950       0x58 ./USB_DEVICE/App/usbd_desc.o
 .text.IntToUnicode
                0x0800d9a8       0x7e ./USB_DEVICE/App/usbd_desc.o
 *fill*         0x0800da26        0x2 
 .text.HAL_PCD_MspInit
                0x0800da28       0xbc ./USB_DEVICE/Target/usbd_conf.o
                0x0800da28                HAL_PCD_MspInit
 .text.HAL_PCD_SetupStageCallback
                0x0800dae4       0x24 ./USB_DEVICE/Target/usbd_conf.o
                0x0800dae4                HAL_PCD_SetupStageCallback
 .text.HAL_PCD_DataOutStageCallback
                0x0800db08       0x36 ./USB_DEVICE/Target/usbd_conf.o
                0x0800db08                HAL_PCD_DataOutStageCallback
 .text.HAL_PCD_DataInStageCallback
                0x0800db3e       0x34 ./USB_DEVICE/Target/usbd_conf.o
                0x0800db3e                HAL_PCD_DataInStageCallback
 .text.HAL_PCD_SOFCallback
                0x0800db72       0x1c ./USB_DEVICE/Target/usbd_conf.o
                0x0800db72                HAL_PCD_SOFCallback
 .text.HAL_PCD_ResetCallback
                0x0800db8e       0x50 ./USB_DEVICE/Target/usbd_conf.o
                0x0800db8e                HAL_PCD_ResetCallback
 *fill*         0x0800dbde        0x2 
 .text.HAL_PCD_SuspendCallback
                0x0800dbe0       0x4c ./USB_DEVICE/Target/usbd_conf.o
                0x0800dbe0                HAL_PCD_SuspendCallback
 .text.HAL_PCD_ResumeCallback
                0x0800dc2c       0x1c ./USB_DEVICE/Target/usbd_conf.o
                0x0800dc2c                HAL_PCD_ResumeCallback
 .text.HAL_PCD_ISOOUTIncompleteCallback
                0x0800dc48       0x24 ./USB_DEVICE/Target/usbd_conf.o
                0x0800dc48                HAL_PCD_ISOOUTIncompleteCallback
 .text.HAL_PCD_ISOINIncompleteCallback
                0x0800dc6c       0x24 ./USB_DEVICE/Target/usbd_conf.o
                0x0800dc6c                HAL_PCD_ISOINIncompleteCallback
 .text.HAL_PCD_ConnectCallback
                0x0800dc90       0x1c ./USB_DEVICE/Target/usbd_conf.o
                0x0800dc90                HAL_PCD_ConnectCallback
 .text.HAL_PCD_DisconnectCallback
                0x0800dcac       0x1c ./USB_DEVICE/Target/usbd_conf.o
                0x0800dcac                HAL_PCD_DisconnectCallback
 .text.USBD_LL_Init
                0x0800dcc8       0xa4 ./USB_DEVICE/Target/usbd_conf.o
                0x0800dcc8                USBD_LL_Init
 .text.USBD_LL_Start
                0x0800dd6c       0x36 ./USB_DEVICE/Target/usbd_conf.o
                0x0800dd6c                USBD_LL_Start
 .text.USBD_LL_OpenEP
                0x0800dda2       0x4c ./USB_DEVICE/Target/usbd_conf.o
                0x0800dda2                USBD_LL_OpenEP
 .text.USBD_LL_CloseEP
                0x0800ddee       0x3e ./USB_DEVICE/Target/usbd_conf.o
                0x0800ddee                USBD_LL_CloseEP
 .text.USBD_LL_StallEP
                0x0800de2c       0x3e ./USB_DEVICE/Target/usbd_conf.o
                0x0800de2c                USBD_LL_StallEP
 .text.USBD_LL_ClearStallEP
                0x0800de6a       0x3e ./USB_DEVICE/Target/usbd_conf.o
                0x0800de6a                USBD_LL_ClearStallEP
 .text.USBD_LL_IsStallEP
                0x0800dea8       0x58 ./USB_DEVICE/Target/usbd_conf.o
                0x0800dea8                USBD_LL_IsStallEP
 .text.USBD_LL_SetUSBAddress
                0x0800df00       0x3e ./USB_DEVICE/Target/usbd_conf.o
                0x0800df00                USBD_LL_SetUSBAddress
 .text.USBD_LL_Transmit
                0x0800df3e       0x42 ./USB_DEVICE/Target/usbd_conf.o
                0x0800df3e                USBD_LL_Transmit
 .text.USBD_LL_PrepareReceive
                0x0800df80       0x42 ./USB_DEVICE/Target/usbd_conf.o
                0x0800df80                USBD_LL_PrepareReceive
 *fill*         0x0800dfc2        0x2 
 .text.USBD_static_malloc
                0x0800dfc4       0x1c ./USB_DEVICE/Target/usbd_conf.o
                0x0800dfc4                USBD_static_malloc
 .text.USBD_static_free
                0x0800dfe0       0x14 ./USB_DEVICE/Target/usbd_conf.o
                0x0800dfe0                USBD_static_free
 .text.USBD_Get_USB_Status
                0x0800dff4       0x58 ./USB_DEVICE/Target/usbd_conf.o
                0x0800dff4                USBD_Get_USB_Status
 .text.sprintf  0x0800e04c       0x44 D:/Applications/STM32CubeIDE_1.18.0/STM32CubeIDE/plugins/com.st.stm32cube.ide.mcu.externaltools.gnu-tools-for-stm32.13.3.rel1.win32_1.0.0.202411081344/tools/bin/../lib/gcc/arm-none-eabi/13.3.1/../../../../arm-none-eabi/lib/thumb/v7e-m+fp/hard\libc_nano.a(libc_a-sprintf.o)
                0x0800e04c                siprintf
                0x0800e04c                sprintf
 .text.memset   0x0800e090       0x10 D:/Applications/STM32CubeIDE_1.18.0/STM32CubeIDE/plugins/com.st.stm32cube.ide.mcu.externaltools.gnu-tools-for-stm32.13.3.rel1.win32_1.0.0.202411081344/tools/bin/../lib/gcc/arm-none-eabi/13.3.1/../../../../arm-none-eabi/lib/thumb/v7e-m+fp/hard\libc_nano.a(libc_a-memset.o)
                0x0800e090                memset
 .text.__errno  0x0800e0a0        0xc D:/Applications/STM32CubeIDE_1.18.0/STM32CubeIDE/plugins/com.st.stm32cube.ide.mcu.externaltools.gnu-tools-for-stm32.13.3.rel1.win32_1.0.0.202411081344/tools/bin/../lib/gcc/arm-none-eabi/13.3.1/../../../../arm-none-eabi/lib/thumb/v7e-m+fp/hard\libc_nano.a(libc_a-errno.o)
                0x0800e0a0                __errno
 .text.__libc_init_array
                0x0800e0ac       0x48 D:/Applications/STM32CubeIDE_1.18.0/STM32CubeIDE/plugins/com.st.stm32cube.ide.mcu.externaltools.gnu-tools-for-stm32.13.3.rel1.win32_1.0.0.202411081344/tools/bin/../lib/gcc/arm-none-eabi/13.3.1/../../../../arm-none-eabi/lib/thumb/v7e-m+fp/hard\libc_nano.a(libc_a-init.o)
                0x0800e0ac                __libc_init_array
 .text.__retarget_lock_acquire_recursive
                0x0800e0f4        0x2 D:/Applications/STM32CubeIDE_1.18.0/STM32CubeIDE/plugins/com.st.stm32cube.ide.mcu.externaltools.gnu-tools-for-stm32.13.3.rel1.win32_1.0.0.202411081344/tools/bin/../lib/gcc/arm-none-eabi/13.3.1/../../../../arm-none-eabi/lib/thumb/v7e-m+fp/hard\libc_nano.a(libc_a-lock.o)
                0x0800e0f4                __retarget_lock_acquire_recursive
 .text.__retarget_lock_release_recursive
                0x0800e0f6        0x2 D:/Applications/STM32CubeIDE_1.18.0/STM32CubeIDE/plugins/com.st.stm32cube.ide.mcu.externaltools.gnu-tools-for-stm32.13.3.rel1.win32_1.0.0.202411081344/tools/bin/../lib/gcc/arm-none-eabi/13.3.1/../../../../arm-none-eabi/lib/thumb/v7e-m+fp/hard\libc_nano.a(libc_a-lock.o)
                0x0800e0f6                __retarget_lock_release_recursive
 .text._free_r  0x0800e0f8       0x94 D:/Applications/STM32CubeIDE_1.18.0/STM32CubeIDE/plugins/com.st.stm32cube.ide.mcu.externaltools.gnu-tools-for-stm32.13.3.rel1.win32_1.0.0.202411081344/tools/bin/../lib/gcc/arm-none-eabi/13.3.1/../../../../arm-none-eabi/lib/thumb/v7e-m+fp/hard\libc_nano.a(libc_a-freer.o)
                0x0800e0f8                _free_r
 .text.sbrk_aligned
                0x0800e18c       0x44 D:/Applications/STM32CubeIDE_1.18.0/STM32CubeIDE/plugins/com.st.stm32cube.ide.mcu.externaltools.gnu-tools-for-stm32.13.3.rel1.win32_1.0.0.202411081344/tools/bin/../lib/gcc/arm-none-eabi/13.3.1/../../../../arm-none-eabi/lib/thumb/v7e-m+fp/hard\libc_nano.a(libc_a-mallocr.o)
 .text._malloc_r
                0x0800e1d0      0x100 D:/Applications/STM32CubeIDE_1.18.0/STM32CubeIDE/plugins/com.st.stm32cube.ide.mcu.externaltools.gnu-tools-for-stm32.13.3.rel1.win32_1.0.0.202411081344/tools/bin/../lib/gcc/arm-none-eabi/13.3.1/../../../../arm-none-eabi/lib/thumb/v7e-m+fp/hard\libc_nano.a(libc_a-mallocr.o)
                0x0800e1d0                _malloc_r
 .text.__malloc_lock
                0x0800e2d0        0xc D:/Applications/STM32CubeIDE_1.18.0/STM32CubeIDE/plugins/com.st.stm32cube.ide.mcu.externaltools.gnu-tools-for-stm32.13.3.rel1.win32_1.0.0.202411081344/tools/bin/../lib/gcc/arm-none-eabi/13.3.1/../../../../arm-none-eabi/lib/thumb/v7e-m+fp/hard\libc_nano.a(libc_a-mlock.o)
                0x0800e2d0                __malloc_lock
 .text.__malloc_unlock
                0x0800e2dc        0xc D:/Applications/STM32CubeIDE_1.18.0/STM32CubeIDE/plugins/com.st.stm32cube.ide.mcu.externaltools.gnu-tools-for-stm32.13.3.rel1.win32_1.0.0.202411081344/tools/bin/../lib/gcc/arm-none-eabi/13.3.1/../../../../arm-none-eabi/lib/thumb/v7e-m+fp/hard\libc_nano.a(libc_a-mlock.o)
                0x0800e2dc                __malloc_unlock
 .text.__ssputs_r
                0x0800e2e8       0xb6 D:/Applications/STM32CubeIDE_1.18.0/STM32CubeIDE/plugins/com.st.stm32cube.ide.mcu.externaltools.gnu-tools-for-stm32.13.3.rel1.win32_1.0.0.202411081344/tools/bin/../lib/gcc/arm-none-eabi/13.3.1/../../../../arm-none-eabi/lib/thumb/v7e-m+fp/hard\libc_nano.a(libc_a-nano-svfprintf.o)
                0x0800e2e8                __ssputs_r
 *fill*         0x0800e39e        0x2 
 .text._svfprintf_r
                0x0800e3a0      0x1f8 D:/Applications/STM32CubeIDE_1.18.0/STM32CubeIDE/plugins/com.st.stm32cube.ide.mcu.externaltools.gnu-tools-for-stm32.13.3.rel1.win32_1.0.0.202411081344/tools/bin/../lib/gcc/arm-none-eabi/13.3.1/../../../../arm-none-eabi/lib/thumb/v7e-m+fp/hard\libc_nano.a(libc_a-nano-svfprintf.o)
                0x0800e3a0                _svfiprintf_r
                0x0800e3a0                _svfprintf_r
 .text._printf_common
                0x0800e598       0xda D:/Applications/STM32CubeIDE_1.18.0/STM32CubeIDE/plugins/com.st.stm32cube.ide.mcu.externaltools.gnu-tools-for-stm32.13.3.rel1.win32_1.0.0.202411081344/tools/bin/../lib/gcc/arm-none-eabi/13.3.1/../../../../arm-none-eabi/lib/thumb/v7e-m+fp/hard\libc_nano.a(libc_a-nano-vfprintf_i.o)
                0x0800e598                _printf_common
 *fill*         0x0800e672        0x2 
 .text._printf_i
                0x0800e674      0x23c D:/Applications/STM32CubeIDE_1.18.0/STM32CubeIDE/plugins/com.st.stm32cube.ide.mcu.externaltools.gnu-tools-for-stm32.13.3.rel1.win32_1.0.0.202411081344/tools/bin/../lib/gcc/arm-none-eabi/13.3.1/../../../../arm-none-eabi/lib/thumb/v7e-m+fp/hard\libc_nano.a(libc_a-nano-vfprintf_i.o)
                0x0800e674                _printf_i
 .text.memmove  0x0800e8b0       0x34 D:/Applications/STM32CubeIDE_1.18.0/STM32CubeIDE/plugins/com.st.stm32cube.ide.mcu.externaltools.gnu-tools-for-stm32.13.3.rel1.win32_1.0.0.202411081344/tools/bin/../lib/gcc/arm-none-eabi/13.3.1/../../../../arm-none-eabi/lib/thumb/v7e-m+fp/hard\libc_nano.a(libc_a-memmove.o)
                0x0800e8b0                memmove
 .text._sbrk_r  0x0800e8e4       0x20 D:/Applications/STM32CubeIDE_1.18.0/STM32CubeIDE/plugins/com.st.stm32cube.ide.mcu.externaltools.gnu-tools-for-stm32.13.3.rel1.win32_1.0.0.202411081344/tools/bin/../lib/gcc/arm-none-eabi/13.3.1/../../../../arm-none-eabi/lib/thumb/v7e-m+fp/hard\libc_nano.a(libc_a-sbrkr.o)
                0x0800e8e4                _sbrk_r
 .text.memcpy   0x0800e904       0x1c D:/Applications/STM32CubeIDE_1.18.0/STM32CubeIDE/plugins/com.st.stm32cube.ide.mcu.externaltools.gnu-tools-for-stm32.13.3.rel1.win32_1.0.0.202411081344/tools/bin/../lib/gcc/arm-none-eabi/13.3.1/../../../../arm-none-eabi/lib/thumb/v7e-m+fp/hard\libc_nano.a(libc_a-memcpy-stub.o)
                0x0800e904                memcpy
 .text._realloc_r
                0x0800e920       0x5c D:/Applications/STM32CubeIDE_1.18.0/STM32CubeIDE/plugins/com.st.stm32cube.ide.mcu.externaltools.gnu-tools-for-stm32.13.3.rel1.win32_1.0.0.202411081344/tools/bin/../lib/gcc/arm-none-eabi/13.3.1/../../../../arm-none-eabi/lib/thumb/v7e-m+fp/hard\libc_nano.a(libc_a-reallocr.o)
                0x0800e920                _realloc_r
 .text._malloc_usable_size_r
                0x0800e97c       0x10 D:/Applications/STM32CubeIDE_1.18.0/STM32CubeIDE/plugins/com.st.stm32cube.ide.mcu.externaltools.gnu-tools-for-stm32.13.3.rel1.win32_1.0.0.202411081344/tools/bin/../lib/gcc/arm-none-eabi/13.3.1/../../../../arm-none-eabi/lib/thumb/v7e-m+fp/hard\libc_nano.a(libc_a-msizer.o)
                0x0800e97c                _malloc_usable_size_r
 *(.glue_7)
 .glue_7        0x0800e98c        0x0 linker stubs
 *(.glue_7t)
 .glue_7t       0x0800e98c        0x0 linker stubs
 *(.eh_frame)
 .eh_frame      0x0800e98c        0x0 D:/Applications/STM32CubeIDE_1.18.0/STM32CubeIDE/plugins/com.st.stm32cube.ide.mcu.externaltools.gnu-tools-for-stm32.13.3.rel1.win32_1.0.0.202411081344/tools/bin/../lib/gcc/arm-none-eabi/13.3.1/thumb/v7e-m+fp/hard/crtbegin.o
 *(.init)
 .init          0x0800e98c        0x4 D:/Applications/STM32CubeIDE_1.18.0/STM32CubeIDE/plugins/com.st.stm32cube.ide.mcu.externaltools.gnu-tools-for-stm32.13.3.rel1.win32_1.0.0.202411081344/tools/bin/../lib/gcc/arm-none-eabi/13.3.1/thumb/v7e-m+fp/hard/crti.o
                0x0800e98c                _init
 .init          0x0800e990        0x8 D:/Applications/STM32CubeIDE_1.18.0/STM32CubeIDE/plugins/com.st.stm32cube.ide.mcu.externaltools.gnu-tools-for-stm32.13.3.rel1.win32_1.0.0.202411081344/tools/bin/../lib/gcc/arm-none-eabi/13.3.1/thumb/v7e-m+fp/hard/crtn.o
 *(.fini)
 .fini          0x0800e998        0x4 D:/Applications/STM32CubeIDE_1.18.0/STM32CubeIDE/plugins/com.st.stm32cube.ide.mcu.externaltools.gnu-tools-for-stm32.13.3.rel1.win32_1.0.0.202411081344/tools/bin/../lib/gcc/arm-none-eabi/13.3.1/thumb/v7e-m+fp/hard/crti.o
                0x0800e998                _fini
 .fini          0x0800e99c        0x8 D:/Applications/STM32CubeIDE_1.18.0/STM32CubeIDE/plugins/com.st.stm32cube.ide.mcu.externaltools.gnu-tools-for-stm32.13.3.rel1.win32_1.0.0.202411081344/tools/bin/../lib/gcc/arm-none-eabi/13.3.1/thumb/v7e-m+fp/hard/crtn.o
                0x0800e9a4                        . = ALIGN (0x4)
                0x0800e9a4                        _etext = .

.vfp11_veneer   0x0800e9a4        0x0
 .vfp11_veneer  0x0800e9a4        0x0 linker stubs

.v4_bx          0x0800e9a4        0x0
 .v4_bx         0x0800e9a4        0x0 linker stubs

.iplt           0x0800e9a4        0x0
 .iplt          0x0800e9a4        0x0 D:/Applications/STM32CubeIDE_1.18.0/STM32CubeIDE/plugins/com.st.stm32cube.ide.mcu.externaltools.gnu-tools-for-stm32.13.3.rel1.win32_1.0.0.202411081344/tools/bin/../lib/gcc/arm-none-eabi/13.3.1/thumb/v7e-m+fp/hard/crtbegin.o

.rodata         0x0800e9a4     0x1bf0
                0x0800e9a4                        . = ALIGN (0x4)
 *(.rodata)
 .rodata        0x0800e9a4       0x9c ./Core/Src/main.o
 .rodata        0x0800ea40       0x46 ./USB_DEVICE/App/usbd_desc.o
 *(.rodata*)
 *fill*         0x0800ea86        0x2 
 .rodata.AHBPrescTable
                0x0800ea88       0x10 ./Core/Src/system_stm32f4xx.o
                0x0800ea88                AHBPrescTable
 .rodata.APBPrescTable
                0x0800ea98        0x8 ./Core/Src/system_stm32f4xx.o
                0x0800ea98                APBPrescTable
 .rodata.Font24_Table
                0x0800eaa0     0x1ab8 ./Drivers/BSP/stm32f429i_discovery_lcd.o
                0x0800eaa0                Font24_Table
 .rodata.flagBitshiftOffset.0
                0x08010558        0x8 ./Drivers/STM32F4xx_HAL_Driver/Src/stm32f4xx_hal_dma.o
 .rodata._svfprintf_r.str1.1
                0x08010560       0x33 D:/Applications/STM32CubeIDE_1.18.0/STM32CubeIDE/plugins/com.st.stm32cube.ide.mcu.externaltools.gnu-tools-for-stm32.13.3.rel1.win32_1.0.0.202411081344/tools/bin/../lib/gcc/arm-none-eabi/13.3.1/../../../../arm-none-eabi/lib/thumb/v7e-m+fp/hard\libc_nano.a(libc_a-nano-svfprintf.o)
                                 0x11 (size before relaxing)
 .rodata._printf_i.str1.1
                0x08010593       0x22 D:/Applications/STM32CubeIDE_1.18.0/STM32CubeIDE/plugins/com.st.stm32cube.ide.mcu.externaltools.gnu-tools-for-stm32.13.3.rel1.win32_1.0.0.202411081344/tools/bin/../lib/gcc/arm-none-eabi/13.3.1/../../../../arm-none-eabi/lib/thumb/v7e-m+fp/hard\libc_nano.a(libc_a-nano-vfprintf_i.o)
                0x080105b8                        . = ALIGN (0x4)
 *fill*         0x08010593        0x1 

.ARM.extab      0x08010594        0x0
                0x08010594                        . = ALIGN (0x4)
 *(.ARM.extab* .gnu.linkonce.armextab.*)
                0x08010594                        . = ALIGN (0x4)

.ARM            0x08010594        0x8
                0x08010594                        . = ALIGN (0x4)
                0x08010594                        __exidx_start = .
 *(.ARM.exidx*)
 .ARM.exidx     0x08010594        0x8 D:/Applications/STM32CubeIDE_1.18.0/STM32CubeIDE/plugins/com.st.stm32cube.ide.mcu.externaltools.gnu-tools-for-stm32.13.3.rel1.win32_1.0.0.202411081344/tools/bin/../lib/gcc/arm-none-eabi/13.3.1/../../../../arm-none-eabi/lib/thumb/v7e-m+fp/hard\libc_nano.a(libc_a-strlen.o)
 .ARM.exidx     0x0801059c        0x0 D:/Applications/STM32CubeIDE_1.18.0/STM32CubeIDE/plugins/com.st.stm32cube.ide.mcu.externaltools.gnu-tools-for-stm32.13.3.rel1.win32_1.0.0.202411081344/tools/bin/../lib/gcc/arm-none-eabi/13.3.1/../../../../arm-none-eabi/lib/thumb/v7e-m+fp/hard\libc_nano.a(libc_a-memchr.o)
                                  0x8 (size before relaxing)
 .ARM.exidx     0x0801059c        0x0 D:/Applications/STM32CubeIDE_1.18.0/STM32CubeIDE/plugins/com.st.stm32cube.ide.mcu.externaltools.gnu-tools-for-stm32.13.3.rel1.win32_1.0.0.202411081344/tools/bin/../lib/gcc/arm-none-eabi/13.3.1/thumb/v7e-m+fp/hard\libgcc.a(_udivmoddi4.o)
                                  0x8 (size before relaxing)
                0x0801059c                        __exidx_end = .
                0x0801059c                        . = ALIGN (0x4)

.preinit_array  0x0801059c        0x0
                0x0801059c                        . = ALIGN (0x4)
                0x0801059c                        PROVIDE (__preinit_array_start = .)
 *(.preinit_array*)
                0x0801059c                        PROVIDE (__preinit_array_end = .)
                0x0801059c                        . = ALIGN (0x4)

.init_array     0x0801059c        0x4
                0x0801059c                        . = ALIGN (0x4)
                0x0801059c                        PROVIDE (__init_array_start = .)
 *(SORT_BY_NAME(.init_array.*))
 *(.init_array*)
 .init_array    0x0801059c        0x4 D:/Applications/STM32CubeIDE_1.18.0/STM32CubeIDE/plugins/com.st.stm32cube.ide.mcu.externaltools.gnu-tools-for-stm32.13.3.rel1.win32_1.0.0.202411081344/tools/bin/../lib/gcc/arm-none-eabi/13.3.1/thumb/v7e-m+fp/hard/crtbegin.o
                0x080105a0                        PROVIDE (__init_array_end = .)
                0x080105a0                        . = ALIGN (0x4)

.fini_array     0x080105a0        0x4
                0x080105a0                        . = ALIGN (0x4)
                [!provide]                        PROVIDE (__fini_array_start = .)
 *(SORT_BY_NAME(.fini_array.*))
 *(.fini_array*)
 .fini_array    0x080105a0        0x4 D:/Applications/STM32CubeIDE_1.18.0/STM32CubeIDE/plugins/com.st.stm32cube.ide.mcu.externaltools.gnu-tools-for-stm32.13.3.rel1.win32_1.0.0.202411081344/tools/bin/../lib/gcc/arm-none-eabi/13.3.1/thumb/v7e-m+fp/hard/crtbegin.o
                [!provide]                        PROVIDE (__fini_array_end = .)
                0x080105a4                        . = ALIGN (0x4)
                0x080105a4                        _sidata = LOADADDR (.data)

.rel.dyn        0x080105a4        0x0
 .rel.iplt      0x080105a4        0x0 D:/Applications/STM32CubeIDE_1.18.0/STM32CubeIDE/plugins/com.st.stm32cube.ide.mcu.externaltools.gnu-tools-for-stm32.13.3.rel1.win32_1.0.0.202411081344/tools/bin/../lib/gcc/arm-none-eabi/13.3.1/thumb/v7e-m+fp/hard/crtbegin.o

.data           0x20000000      0x1e4 load address 0x080105a4
                0x20000000                        . = ALIGN (0x4)
                0x20000000                        _sdata = .
 *(.data)
 *(.data*)
 .data.last_touch_x
                0x20000000        0x2 ./Core/Src/main.o
                0x20000000                last_touch_x
 .data.last_touch_y
                0x20000002        0x2 ./Core/Src/main.o
                0x20000002                last_touch_y
 .data.SystemCoreClock
                0x20000004        0x4 ./Core/Src/system_stm32f4xx.o
                0x20000004                SystemCoreClock
 .data.I2cxTimeout
                0x20000008        0x4 ./Drivers/BSP/stm32f429i_discovery.o
                0x20000008                I2cxTimeout
 .data.SpixTimeout
                0x2000000c        0x4 ./Drivers/BSP/stm32f429i_discovery.o
                0x2000000c                SpixTimeout
 .data.Font24   0x20000010        0x8 ./Drivers/BSP/stm32f429i_discovery_lcd.o
                0x20000010                Font24
 .data.sdramstatus.2
                0x20000018        0x1 ./Drivers/BSP/stm32f429i_discovery_sdram.o
 *fill*         0x20000019        0x3 
 .data.ili9341_drv
                0x2000001c       0x38 ./Drivers/Components/ili9341/ili9341.o
                0x2000001c                ili9341_drv
 .data.stmpe811_ts_drv
                0x20000054       0x28 ./Drivers/Components/stmpe811/stmpe811.o
                0x20000054                stmpe811_ts_drv
 .data.uwTickPrio
                0x2000007c        0x4 ./Drivers/STM32F4xx_HAL_Driver/Src/stm32f4xx_hal.o
                0x2000007c                uwTickPrio
 .data.uwTickFreq
                0x20000080        0x1 ./Drivers/STM32F4xx_HAL_Driver/Src/stm32f4xx_hal.o
                0x20000080                uwTickFreq
 *fill*         0x20000081        0x3 
 .data.USBD_HID
                0x20000084       0x38 ./Middlewares/ST/STM32_USB_Device_Library/Class/HID/Src/usbd_hid.o
                0x20000084                USBD_HID
 .data.USBD_HID_CfgDesc
                0x200000bc       0x22 ./Middlewares/ST/STM32_USB_Device_Library/Class/HID/Src/usbd_hid.o
 *fill*         0x200000de        0x2 
 .data.USBD_HID_Desc
                0x200000e0        0x9 ./Middlewares/ST/STM32_USB_Device_Library/Class/HID/Src/usbd_hid.o
 *fill*         0x200000e9        0x3 
 .data.USBD_HID_DeviceQualifierDesc
                0x200000ec        0xa ./Middlewares/ST/STM32_USB_Device_Library/Class/HID/Src/usbd_hid.o
 *fill*         0x200000f6        0x2 
 .data.HID_MOUSE_ReportDesc
                0x200000f8       0x4a ./Middlewares/ST/STM32_USB_Device_Library/Class/HID/Src/usbd_hid.o
 .data.HIDInEpAdd
                0x20000142        0x1 ./Middlewares/ST/STM32_USB_Device_Library/Class/HID/Src/usbd_hid.o
 *fill*         0x20000143        0x1 
 .data.HS_Desc  0x20000144       0x1c ./USB_DEVICE/App/usbd_desc.o
                0x20000144                HS_Desc
 .data.USBD_HS_DeviceDesc
                0x20000160       0x12 ./USB_DEVICE/App/usbd_desc.o
                0x20000160                USBD_HS_DeviceDesc
 *fill*         0x20000172        0x2 
 .data.USBD_LangIDDesc
                0x20000174        0x4 ./USB_DEVICE/App/usbd_desc.o
                0x20000174                USBD_LangIDDesc
 .data.USBD_StringSerial
                0x20000178       0x1a ./USB_DEVICE/App/usbd_desc.o
                0x20000178                USBD_StringSerial
 *fill*         0x20000192        0x2 
 .data._impure_ptr
                0x20000194        0x4 D:/Applications/STM32CubeIDE_1.18.0/STM32CubeIDE/plugins/com.st.stm32cube.ide.mcu.externaltools.gnu-tools-for-stm32.13.3.rel1.win32_1.0.0.202411081344/tools/bin/../lib/gcc/arm-none-eabi/13.3.1/../../../../arm-none-eabi/lib/thumb/v7e-m+fp/hard\libc_nano.a(libc_a-impure.o)
                0x20000194                _impure_ptr
 .data._impure_data
                0x20000198       0x4c D:/Applications/STM32CubeIDE_1.18.0/STM32CubeIDE/plugins/com.st.stm32cube.ide.mcu.externaltools.gnu-tools-for-stm32.13.3.rel1.win32_1.0.0.202411081344/tools/bin/../lib/gcc/arm-none-eabi/13.3.1/../../../../arm-none-eabi/lib/thumb/v7e-m+fp/hard\libc_nano.a(libc_a-impure.o)
                0x20000198                _impure_data
 *(.RamFunc)
 *(.RamFunc*)
                0x200001e4                        . = ALIGN (0x4)
                0x200001e4                        _edata = .
                0x08010788                        _siccmram = LOADADDR (.ccmram)

.igot.plt       0x200001e4        0x0 load address 0x08010788
 .igot.plt      0x200001e4        0x0 D:/Applications/STM32CubeIDE_1.18.0/STM32CubeIDE/plugins/com.st.stm32cube.ide.mcu.externaltools.gnu-tools-for-stm32.13.3.rel1.win32_1.0.0.202411081344/tools/bin/../lib/gcc/arm-none-eabi/13.3.1/thumb/v7e-m+fp/hard/crtbegin.o

.ccmram         0x10000000        0x0 load address 0x08010788
                0x10000000                        . = ALIGN (0x4)
                0x10000000                        _sccmram = .
 *(.ccmram)
 *(.ccmram*)
                0x10000000                        . = ALIGN (0x4)
                0x10000000                        _eccmram = .
                0x10000000                        . = ALIGN (0x4)

.bss            0x200001e4     0x10b4
                0x200001e4                        _sbss = .
                0x200001e4                        __bss_start__ = _sbss
 *(.bss)
 .bss           0x200001e4       0x1c D:/Applications/STM32CubeIDE_1.18.0/STM32CubeIDE/plugins/com.st.stm32cube.ide.mcu.externaltools.gnu-tools-for-stm32.13.3.rel1.win32_1.0.0.202411081344/tools/bin/../lib/gcc/arm-none-eabi/13.3.1/thumb/v7e-m+fp/hard/crtbegin.o
 *(.bss*)
 .bss.hdma2d    0x20000200       0x40 ./Core/Src/main.o
                0x20000200                hdma2d
 .bss.hi2c3     0x20000240       0x54 ./Core/Src/main.o
                0x20000240                hi2c3
 .bss.hltdc     0x20000294       0xa8 ./Core/Src/main.o
                0x20000294                hltdc
 .bss.hspi5     0x2000033c       0x58 ./Core/Src/main.o
                0x2000033c                hspi5
 .bss.htim1     0x20000394       0x48 ./Core/Src/main.o
                0x20000394                htim1
 .bss.huart1    0x200003dc       0x48 ./Core/Src/main.o
                0x200003dc                huart1
 .bss.hsdram1   0x20000424       0x34 ./Core/Src/main.o
                0x20000424                hsdram1
 .bss.ts_state  0x20000458        0x8 ./Core/Src/main.o
                0x20000458                ts_state
 .bss.touch_active
                0x20000460        0x1 ./Core/Src/main.o
                0x20000460                touch_active
 *fill*         0x20000461        0x1 
 .bss.last_drawn_x
                0x20000462        0x2 ./Core/Src/main.o
                0x20000462                last_drawn_x
 .bss.last_drawn_y
                0x20000464        0x2 ./Core/Src/main.o
                0x20000464                last_drawn_y
 *fill*         0x20000466        0x2 
 .bss.FMC_Initialized
                0x20000468        0x4 ./Core/Src/stm32f4xx_hal_msp.o
 .bss.htim6     0x2000046c       0x48 ./Core/Src/stm32f4xx_hal_timebase_tim.o
                0x2000046c                htim6
 .bss.__sbrk_heap_end
                0x200004b4        0x4 ./Core/Src/sysmem.o
 .bss.I2cHandle
                0x200004b8       0x54 ./Drivers/BSP/stm32f429i_discovery.o
                0x200004b8                I2cHandle
 .bss.SpiHandle
                0x2000050c       0x58 ./Drivers/BSP/stm32f429i_discovery.o
 .bss.Is_LCD_IO_Initialized
                0x20000564        0x1 ./Drivers/BSP/stm32f429i_discovery.o
 *fill*         0x20000565        0x3 
 .bss.LtdcHandler
                0x20000568       0xa8 ./Drivers/BSP/stm32f429i_discovery_lcd.o
                0x20000568                LtdcHandler
 .bss.Dma2dHandler
                0x20000610       0x40 ./Drivers/BSP/stm32f429i_discovery_lcd.o
 .bss.PeriphClkInitStruct
                0x20000650       0x30 ./Drivers/BSP/stm32f429i_discovery_lcd.o
 .bss.ActiveLayer
                0x20000680        0x4 ./Drivers/BSP/stm32f429i_discovery_lcd.o
 .bss.DrawProp  0x20000684       0x18 ./Drivers/BSP/stm32f429i_discovery_lcd.o
 .bss.LcdDrv    0x2000069c        0x4 ./Drivers/BSP/stm32f429i_discovery_lcd.o
                0x2000069c                LcdDrv
 .bss.SdramHandle
                0x200006a0       0x34 ./Drivers/BSP/stm32f429i_discovery_sdram.o
 .bss.Timing    0x200006d4       0x1c ./Drivers/BSP/stm32f429i_discovery_sdram.o
 .bss.Command   0x200006f0       0x10 ./Drivers/BSP/stm32f429i_discovery_sdram.o
 .bss.dmaHandle.1
                0x20000700       0x60 ./Drivers/BSP/stm32f429i_discovery_sdram.o
 .bss.TsDrv     0x20000760        0x4 ./Drivers/BSP/stm32f429i_discovery_ts.o
 .bss.TsXBoundary
                0x20000764        0x2 ./Drivers/BSP/stm32f429i_discovery_ts.o
 .bss.TsYBoundary
                0x20000766        0x2 ./Drivers/BSP/stm32f429i_discovery_ts.o
 .bss._x.1      0x20000768        0x4 ./Drivers/BSP/stm32f429i_discovery_ts.o
 .bss._y.0      0x2000076c        0x4 ./Drivers/BSP/stm32f429i_discovery_ts.o
 .bss.stmpe811  0x20000770        0x2 ./Drivers/Components/stmpe811/stmpe811.o
                0x20000770                stmpe811
 *fill*         0x20000772        0x2 
 .bss.uwTick    0x20000774        0x4 ./Drivers/STM32F4xx_HAL_Driver/Src/stm32f4xx_hal.o
                0x20000774                uwTick
 .bss.cfgidx.0  0x20000778        0x1 ./Middlewares/ST/STM32_USB_Device_Library/Core/Src/usbd_ctlreq.o
 *fill*         0x20000779        0x3 
 .bss.hUsbDeviceHS