../Core/Src/stm32f4xx_hal_msp.c:63:6:HAL_MspInit	16	static
../Core/Src/stm32f4xx_hal_msp.c:86:6:HAL_DMA2D_MspInit	24	static
../Core/Src/stm32f4xx_hal_msp.c:112:6:HAL_DMA2D_MspDeInit	16	static
../Core/Src/stm32f4xx_hal_msp.c:137:6:HAL_I2C_MspInit	48	static
../Core/Src/stm32f4xx_hal_msp.c:182:6:HAL_I2C_MspDeInit	16	static
../Core/Src/stm32f4xx_hal_msp.c:213:6:HAL_LTDC_MspInit	112	static
../Core/Src/stm32f4xx_hal_msp.c:341:6:HAL_LTDC_MspDeInit	16	static
../Core/Src/stm32f4xx_hal_msp.c:405:6:HAL_SPI_MspInit	48	static
../Core/Src/stm32f4xx_hal_msp.c:443:6:HAL_SPI_MspDeInit	16	static
../Core/Src/stm32f4xx_hal_msp.c:473:6:HAL_TIM_Base_MspInit	24	static
../Core/Src/stm32f4xx_hal_msp.c:496:6:HAL_TIM_Base_MspDeInit	16	static
../Core/Src/stm32f4xx_hal_msp.c:518:6:HAL_UART_MspInit	48	static
../Core/Src/stm32f4xx_hal_msp.c:555:6:HAL_UART_MspDeInit	16	static
../Core/Src/stm32f4xx_hal_msp.c:580:13:HAL_FMC_MspInit	32	static
../Core/Src/stm32f4xx_hal_msp.c:686:6:HAL_SDRAM_MspInit	16	static
../Core/Src/stm32f4xx_hal_msp.c:698:13:HAL_FMC_MspDeInit	8	static
../Core/Src/stm32f4xx_hal_msp.c:772:6:HAL_SDRAM_MspDeInit	16	static
